 PhysXCooking_64

 Timestamp is 6a1a46d3 (Sat May 30 11:09:23 2026)

 Preferred load address is 0000000180000000

 Start         Length     Name                   Class
 0001:00000000 000003c0H .text$di                CODE
 0001:000003c0 00029480H .text$mn                CODE
 0001:00029840 00000036H .text$mn$00             CODE
 0001:00029876 00000092H .text$x                 CODE
 0002:00000000 00000180H .idata$5                DATA
 0002:00000180 00000038H .00cfg                  DATA
 0002:000001b8 00000008H .CRT$XCA                DATA
 0002:000001c0 000001e0H .CRT$XCU                DATA
 0002:000003a0 00000008H .CRT$XCZ                DATA
 0002:000003a8 00000008H .CRT$XIA                DATA
 0002:000003b0 00000008H .CRT$XIZ                DATA
 0002:000003b8 00000008H .CRT$XPA                DATA
 0002:000003c0 00000008H .CRT$XPZ                DATA
 0002:000003c8 00000008H .CRT$XTA                DATA
 0002:000003d0 00000010H .CRT$XTZ                DATA
 0002:000003d8 00000000H .gehcont$y              DATA
 0002:000003d8 00000000H .gfids$y                DATA
 0002:000003e0 00002320H .rdata                  DATA
 0002:00002700 00000000H .rdata$CastGuardVftablesA DATA
 0002:00002700 00000000H .rdata$CastGuardVftablesC DATA
 0002:00002700 00000074H .rdata$r                DATA
 0002:00002774 000000b8H .rdata$voltmd           DATA
 0002:0000282c 000003fcH .rdata$zzzdbg           DATA
 0002:00002c28 00000008H .rtc$IAA                DATA
 0002:00002c30 00000008H .rtc$IZZ                DATA
 0002:00002c38 00000008H .rtc$TAA                DATA
 0002:00002c40 00000008H .rtc$TZZ                DATA
 0002:00002c48 00002e30H .xdata                  DATA
 0002:00005a78 00000040H .didat$2                DATA
 0002:00005ab8 00000020H .didat$3                DATA
 0002:00005ad8 00000188H .didat$4                DATA
 0002:00005c60 00000950H .didat$6                DATA
 0002:000065b0 000002b0H .didat$7                DATA
 0002:00006860 00001d00H .edata                  DATA
 0002:00008560 00000078H .idata$2                DATA
 0002:000085d8 00000018H .idata$3                DATA
 0002:000085f0 00000180H .idata$4                DATA
 0002:00008770 000003d4H .idata$6                DATA
 0003:00000000 000000e0H .data                   DATA
 0003:000000e0 00000598H .data$r                 DATA
 0003:00000678 00000020H .data$rs                DATA
 0003:00000698 00000188H .didat$5                DATA
 0003:00000820 00000498H .bss                    DATA
 0004:00000000 00001f38H .pdata                  DATA
 0005:00000000 00002208H _RDATA                  DATA
 0006:00000000 000000a0H .rsrc$01                DATA
 0006:000000a0 000004b0H .rsrc$02                DATA

  Address         Publics by Value              Rva+Base               Lib:Object

 0000:00000000       __AbsoluteZero             0000000000000000     <absolute>
 0000:00000000       ___safe_se_handler_count   0000000000000000     <absolute>
 0000:00000000       ___safe_se_handler_table   0000000000000000     <absolute>
 0000:00000000       __arm64x_extra_rfe_table   0000000000000000     <absolute>
 0000:00000000       __arm64x_extra_rfe_table_size 0000000000000000     <absolute>
 0000:00000000       __arm64x_native_entrypoint 0000000000000000     <absolute>
 0000:00000000       __arm64x_redirection_metadata 0000000000000000     <absolute>
 0000:00000000       __arm64x_redirection_metadata_count 0000000000000000     <absolute>
 0000:00000000       __dynamic_value_reloc_table 0000000000000000     <absolute>
 0000:00000000       __enclave_config           0000000000000000     <absolute>
 0000:00000000       __guard_check_icall_a64n_fptr 0000000000000000     <absolute>
 0000:00000000       __guard_eh_cont_count      0000000000000000     <absolute>
 0000:00000000       __guard_eh_cont_table      0000000000000000     <absolute>
 0000:00000000       __guard_fids_count         0000000000000000     <absolute>
 0000:00000000       __guard_fids_table         0000000000000000     <absolute>
 0000:00000000       __guard_iat_count          0000000000000000     <absolute>
 0000:00000000       __guard_iat_table          0000000000000000     <absolute>
 0000:00000000       __guard_longjmp_count      0000000000000000     <absolute>
 0000:00000000       __guard_longjmp_table      0000000000000000     <absolute>
 0000:00000000       __hybrid_auxiliary_delayload_iat 0000000000000000     <absolute>
 0000:00000000       __hybrid_auxiliary_delayload_iat_copy 0000000000000000     <absolute>
 0000:00000000       __hybrid_auxiliary_iat     0000000000000000     <absolute>
 0000:00000000       __hybrid_auxiliary_iat_copy 0000000000000000     <absolute>
 0000:00000000       __hybrid_code_map          0000000000000000     <absolute>
 0000:00000000       __hybrid_code_map_count    0000000000000000     <absolute>
 0000:00000000       __hybrid_image_info_bitfield 0000000000000000     <absolute>
 0000:00000000       __x64_code_ranges_to_entry_points 0000000000000000     <absolute>
 0000:00000000       __x64_code_ranges_to_entry_points_count 0000000000000000     <absolute>
 0000:00000100       __guard_flags              0000000000000100     <absolute>
 0000:00000000       __ImageBase                0000000180000000     <linker-defined>
 0001:000003c0       ??$?_UI@@YAPEAX_KV?$ReflectionAllocator@I@shdfnd@physx@@PEBDH@Z 00000001800013c0 f i Adjacencies.obj
 0001:00000460       ??$?_UV?$ReflectionAllocator@VAdjTriangle@physx@@@shdfnd@physx@@@UserAllocated@shdfnd@physx@@SAPEAX_KV?$ReflectionAllocator@VAdjTriangle@physx@@@12@PEBDH@Z 0000000180001460 f i Adjacencies.obj
 0001:00000500       ??0AdjacenciesBuilder@physx@@QEAA@XZ 0000000180001500 f   Adjacencies.obj
 0001:00000510       ??0AABBTreeBuildNode@Gu@physx@@QEAA@XZ 0000000180001510 f i BVHStructureBuilder.obj
 0001:00000510       ??0Allocator@shdfnd@physx@@QEAA@PEBD@Z 0000000180001510 f i Adjacencies.obj
 0001:00000510       ??0BigConvexData@physx@@QEAA@W4PxEMPTY@1@@Z 0000000180001510 f i BigConvexDataBuilder.obj
 0001:00000510       ??0Box@Gu@physx@@QEAA@XZ   0000000180001510 f i ConvexHullUtils.obj
 0001:00000510       ??0HeightFieldData@Gu@physx@@QEAA@W4PxEMPTY@2@@Z 0000000180001510 f i Cooking.obj
 0001:00000510       ??4Allocator@shdfnd@physx@@QEAAAEAV012@$$QEAV012@@Z 0000000180001510 f i Adjacencies.obj
 0001:00000510       ??4Allocator@shdfnd@physx@@QEAAAEAV012@AEBV012@@Z 0000000180001510 f i Adjacencies.obj
 0001:00000510       ??4MutexImpl@shdfnd@physx@@QEAAAEAV012@AEBV012@@Z 0000000180001510 f i Adjacencies.obj
 0001:00000510       ??4PxFoundation@physx@@QEAAAEAV01@AEBV01@@Z 0000000180001510 f i Adjacencies.obj
 0001:00000510       ?getAABB@AABBTreeBuildNode@Gu@physx@@QEBAAEBVPxBounds3@3@XZ 0000000180001510 f i BVHStructureBuilder.obj
 0001:00000510       ?getPaddedBounds@HeightFieldData@Gu@physx@@QEBAAEBVCenterExtentsPadded@23@XZ 0000000180001510 f i Cooking.obj
 0001:00000520       ??0PxFoundation@physx@@QEAA@AEBV01@@Z 0000000180001520 f i Adjacencies.obj
 0001:00000520       ??0PxFoundation@physx@@QEAA@XZ 0000000180001520 f i Adjacencies.obj
 0001:00000530       ??1Adjacencies@physx@@QEAA@XZ 0000000180001530 f   Adjacencies.obj
 0001:000005a0       ??1AdjacenciesBuilder@physx@@QEAA@XZ 00000001800015a0 f   Adjacencies.obj
 0001:000005b0       ??1PxFoundation@physx@@MEAA@XZ 00000001800015b0 f i Adjacencies.obj
 0001:000005c0       ??_EPxFoundation@physx@@MEAAPEAXI@Z 00000001800015c0 f i Adjacencies.obj
 0001:00000650       ??1AABBTreeBuildNode@Gu@physx@@QEAA@XZ 0000000180001650 f i BVHStructureBuilder.obj
 0001:00000650       ??1BigConvexDataBuilder@physx@@QEAA@XZ 0000000180001650 f i BigConvexDataBuilder.obj
 0001:00000650       ??1Box@Gu@physx@@QEAA@XZ   0000000180001650 f i ConvexHullUtils.obj
 0001:00000650       ??1HeightFieldData@Gu@physx@@QEAA@XZ 0000000180001650 f i Cooking.obj
 0001:00000650       ??_FAllocator@shdfnd@physx@@QEAAXXZ 0000000180001650 f i Adjacencies.obj
 0001:00000650       ?onMeshIndexFormatChange@TriangleMeshBuilder@physx@@UEAAXXZ 0000000180001650 f i TriangleMeshBuilder.obj
 0001:00000650       _guard_check_icall_nop     0000000180001650 f i MSVCRT:guard_support.obj
 0001:00000660       ?ComputeNbBoundaryEdges@Adjacencies@physx@@QEBAIXZ 0000000180001660 f   Adjacencies.obj
 0001:00000950       ?GetNbHits@RadixSort@Cm@physx@@QEBAIXZ 0000000180001950 f i Adjacencies.obj
 0001:00000960       ?GetNbTotalCalls@RadixSort@Cm@physx@@QEBAIXZ 0000000180001960 f i Adjacencies.obj
 0001:00000970       ?GetRanks@RadixSort@Cm@physx@@QEBAPEBIXZ 0000000180001970 f i Adjacencies.obj
 0001:00000970       ?getErrorCallback@Foundation@shdfnd@physx@@UEAAAEAVPxErrorCallback@3@XZ 0000000180001970 f i Adjacencies.obj
 0001:00000980       ?GetRecyclable@RadixSort@Cm@physx@@QEBAPEAIXZ 0000000180001980 f i Adjacencies.obj
 0001:00000980       ?GetValencies@BigConvexData@physx@@QEBAPEBUValency@Gu@2@XZ 0000000180001980 f i BigConvexDataBuilder.obj
 0001:00000980       ?getPos@AABBTreeBuildNode@Gu@physx@@QEBAPEBV123@XZ 0000000180001980 f i BVHStructureBuilder.obj
 0001:00000990       ?Init@AdjacenciesBuilder@physx@@QEAA_NAEBUADJACENCIESCREATE@2@@Z 0000000180001990 f   Adjacencies.obj
 0001:00000f70       ?allocate@?$ReflectionAllocator@I@shdfnd@physx@@QEAAPEAX_KPEBDH@Z 0000000180001f70 f i Adjacencies.obj
 0001:00001010       ?getAllocator@Foundation@shdfnd@physx@@QEAAAEAVPxAllocatorCallback@3@XZ 0000000180002010 f i Adjacencies.obj
 0001:00001020       ?getAllocatorCallback@Foundation@shdfnd@physx@@UEAAAEAVPxAllocatorCallback@3@XZ 0000000180002020 f i Adjacencies.obj
 0001:00001030       ?getErrorLevel@Foundation@shdfnd@physx@@UEBA?AW4Enum@PxErrorCode@3@XZ 0000000180002030 f i Adjacencies.obj
 0001:00001040       ?getInternalErrorCallback@Foundation@shdfnd@physx@@QEAAAEAVPxErrorCallback@3@XZ 0000000180002040 f i Adjacencies.obj
 0001:00001050       ?getNamedAllocMap@Foundation@shdfnd@physx@@QEAAAEAV?$HashMap@PEBVNamedAllocator@shdfnd@physx@@PEBDU?$Hash@PEBVNamedAllocator@shdfnd@physx@@@23@VNonTrackingAllocator@23@@23@XZ 0000000180002050 f i Adjacencies.obj
 0001:00001060       ?getNamedAllocMutex@Foundation@shdfnd@physx@@QEAAAEAV?$MutexT@VAllocator@shdfnd@physx@@@23@XZ 0000000180002060 f i Adjacencies.obj
 0001:00001070       ?getReportAllocationNames@Foundation@shdfnd@physx@@UEBA_NXZ 0000000180002070 f i Adjacencies.obj
 0001:00001080       ?getTempAllocFreeTable@Foundation@shdfnd@physx@@QEAAAEAV?$Array@PEATTempAllocatorChunk@shdfnd@physx@@VAllocator@23@@23@XZ 0000000180002080 f i Adjacencies.obj
 0001:00001090       ?getTempAllocMutex@Foundation@shdfnd@physx@@QEAAAEAV?$MutexT@VAllocator@shdfnd@physx@@@23@XZ 0000000180002090 f i Adjacencies.obj
 0001:000010a0       ?invalidateRanks@RadixSort@Cm@physx@@QEAAXXZ 00000001800020a0 f i Adjacencies.obj
 0001:000010b0       ?setErrorLevel@Foundation@shdfnd@physx@@UEAAXW4Enum@PxErrorCode@3@@Z 00000001800020b0 f i Adjacencies.obj
 0001:000010c0       ?setReportAllocationNames@Foundation@shdfnd@physx@@UEAAX_N@Z 00000001800020c0 f i Adjacencies.obj
 0001:000010d0       ??0DebugText@Cm@physx@@QEAA@$$QEAU012@@Z 00000001800020d0 f i Cooking.obj
 0001:000010d0       ??0DebugText@Cm@physx@@QEAA@AEBU012@@Z 00000001800020d0 f i Cooking.obj
 0001:000011b0       ??0HeightFieldData@Gu@physx@@QEAA@$$QEAU012@@Z 00000001800021b0 f i Cooking.obj
 0001:000011b0       ??0HeightFieldData@Gu@physx@@QEAA@AEBU012@@Z 00000001800021b0 f i Cooking.obj
 0001:000011b0       ??4HeightFieldData@Gu@physx@@QEAAAEAU012@$$QEAU012@@Z 00000001800021b0 f i Cooking.obj
 0001:000011b0       ??4HeightFieldData@Gu@physx@@QEAAAEAU012@AEBU012@@Z 00000001800021b0 f i Cooking.obj
 0001:00001210       ??0HeightFieldData@Gu@physx@@QEAA@XZ 0000000180002210 f i Cooking.obj
 0001:00001220       ??0RenderOutput@Cm@physx@@QEAA@AEAVRenderBuffer@12@@Z 0000000180002220 f i Cooking.obj
 0001:00001270       ??0RenderOutput@Cm@physx@@QEAA@AEBV012@@Z 0000000180002270 f i Cooking.obj
 0001:00001310       ??1PxConvexMesh@physx@@MEAA@XZ 0000000180002310 f i Cooking.obj
 0001:00001310       ??1PxHeightField@physx@@MEAA@XZ 0000000180002310 f i Cooking.obj
 0001:00001320       ??4DebugText@Cm@physx@@QEAAAEAU012@$$QEAU012@@Z 0000000180002320 f i Cooking.obj
 0001:00001320       ??4DebugText@Cm@physx@@QEAAAEAU012@AEBU012@@Z 0000000180002320 f i Cooking.obj
 0001:00001450       ??4FPUGuard@shdfnd@physx@@QEAAAEAV012@AEBV012@@Z 0000000180002450 f i Cooking.obj
 0001:00001470       ??_ECooking@physx@@UEAAPEAXI@Z 0000000180002470 f i Cooking.obj
 0001:00001470       ??_GCooking@physx@@UEAAPEAXI@Z 0000000180002470 f i Cooking.obj
 0001:000014c0       ??_EPxBase@physx@@MEAAPEAXI@Z 00000001800024c0 f i Cooking.obj
 0001:000014c0       ??_GPxBase@physx@@MEAAPEAXI@Z 00000001800024c0 f i Cooking.obj
 0001:000014f0       ??_EPxCooking@physx@@MEAAPEAXI@Z 00000001800024f0 f i Cooking.obj
 0001:000014f0       ??_GPxCooking@physx@@MEAAPEAXI@Z 00000001800024f0 f i Cooking.obj
 0001:00001520       ?allocate@?$Array@UPxDebugLine@physx@@V?$ReflectionAllocator@UPxDebugLine@physx@@@shdfnd@2@@shdfnd@physx@@IEAAPEAUPxDebugLine@3@I@Z 0000000180002520 f i Cooking.obj
 0001:000015c0       ?computeHullPolygons@Cooking@physx@@UEBA_NAEBVPxSimpleTriangleMesh@2@AEAVPxAllocatorCallback@2@AEAIAEAPEAVPxVec3@2@2AEAPEAI2AEAPEAUPxHullPolygon@2@@Z 00000001800025c0 f   Cooking.obj
 0001:000017b0       ?cookBVHStructure@Cooking@physx@@UEBA_NAEBVPxBVHStructureDesc@2@AEAVPxOutputStream@2@@Z 00000001800027b0 f   Cooking.obj
 0001:00001860       ?cookConvexMesh@Cooking@physx@@UEBA_NAEBVPxConvexMeshDesc@2@AEAVPxOutputStream@2@PEAW4Enum@PxConvexMeshCookingResult@2@@Z 0000000180002860 f   Cooking.obj
 0001:00001a40       ?cookConvexMeshInternal@Cooking@physx@@AEBA_NAEBVPxConvexMeshDesc@2@AEAVConvexMeshBuilder@2@PEAVConvexHullLib@2@PEAW4Enum@PxConvexMeshCookingResult@2@@Z 0000000180002a40 f   Cooking.obj
 0001:00001d20       ?cookHeightField@Cooking@physx@@UEBA_NAEBVPxHeightFieldDesc@2@AEAVPxOutputStream@2@@Z 0000000180002d20 f   Cooking.obj
 0001:00001df0       ?cookTriangleMesh@Cooking@physx@@UEBA_NAEBVPxTriangleMeshDesc@2@AEAVPxOutputStream@2@PEAW4Enum@PxTriangleMeshCookingResult@2@@Z 0000000180002df0 f   Cooking.obj
 0001:00001f30       ?copy@?$Array@UPxDebugLine@physx@@V?$ReflectionAllocator@UPxDebugLine@physx@@@shdfnd@2@@shdfnd@physx@@KAXPEAUPxDebugLine@3@0PEBU43@@Z 0000000180002f30 f i Cooking.obj
 0001:00001f30       ?copy@?$Array@URTreeNodeNQ@physx@@V?$ReflectionAllocator@URTreeNodeNQ@physx@@@shdfnd@2@@shdfnd@physx@@KAXPEAURTreeNodeNQ@3@0PEBU43@@Z 0000000180002f30 f i RTreeCooking.obj
 0001:000020d0       ?createBVHStructure@Cooking@physx@@UEBAPEAVPxBVHStructure@2@AEBVPxBVHStructureDesc@2@AEAVPxPhysicsInsertionCallback@2@@Z 00000001800030d0 f   Cooking.obj
 0001:00002180       ?createConvexMesh@Cooking@physx@@UEBAPEAVPxConvexMesh@2@AEBVPxConvexMeshDesc@2@AEAVPxPhysicsInsertionCallback@2@PEAW4Enum@PxConvexMeshCookingResult@2@@Z 0000000180003180 f   Cooking.obj
 0001:00002380       ?createHeightField@Cooking@physx@@UEBAPEAVPxHeightField@2@AEBVPxHeightFieldDesc@2@AEAVPxPhysicsInsertionCallback@2@@Z 0000000180003380 f   Cooking.obj
 0001:000024e0       ?createTriangleMesh@Cooking@physx@@UEBAPEAVPxTriangleMesh@2@AEBVPxTriangleMeshDesc@2@AEAVPxPhysicsInsertionCallback@2@PEAW4Enum@PxTriangleMeshCookingResult@2@@Z 00000001800034e0 f   Cooking.obj
 0001:00002630       ?getConcreteTypeName@PxConvexMesh@physx@@UEBAPEBDXZ 0000000180003630 f i Cooking.obj
 0001:00002640       ?getConcreteTypeName@PxHeightField@physx@@UEBAPEBDXZ 0000000180003640 f i Cooking.obj
 0001:00002650       ?getConvexEdgeThreshold@HeightField@Gu@physx@@UEBAMXZ 0000000180003650 f i Cooking.obj
 0001:00002660       ?getFlags@HeightField@Gu@physx@@UEBA?AV?$PxFlags@W4Enum@PxHeightFieldFlag@physx@@G@3@XZ 0000000180003660 f i Cooking.obj
 0001:00002670       ?getFormat@HeightField@Gu@physx@@UEBA?AW4Enum@PxHeightFieldFormat@3@XZ 0000000180003670 f i Cooking.obj
 0001:00002680       ?getHeight@HeightField@Gu@physx@@UEBAMMM@Z 0000000180003680 f i Cooking.obj
 0001:000026c0       ?getHeightInternal2@HeightField@Gu@physx@@QEBAMIMM@Z 00000001800036c0 f i Cooking.obj
 0001:00002830       ?getIndexBuffer@ConvexMesh@Gu@physx@@UEBAPEBEXZ 0000000180003830 f i Cooking.obj
 0001:00002870       ?getNbColumns@HeightField@Gu@physx@@UEBAIXZ 0000000180003870 f i Cooking.obj
 0001:00002880       ?getNbPolygons@ConvexMesh@Gu@physx@@UEBAIXZ 0000000180003880 f i Cooking.obj
 0001:00002890       ?getNbRows@HeightField@Gu@physx@@UEBAIXZ 0000000180003890 f i Cooking.obj
 0001:000028a0       ?getNbVertices@ConvexMesh@Gu@physx@@UEBAIXZ 00000001800038a0 f i Cooking.obj
 0001:000028b0       ?getDenormalizeScale@QuantizerImpl@@UEBAAEBVPxVec3@physx@@XZ 00000001800038b0 f   Quantizer.obj
 0001:000028b0       ?getParams@Cooking@physx@@UEBAAEBUPxCookingParams@2@XZ 00000001800038b0 f   Cooking.obj
 0001:000028c0       ?getSample@HeightField@Gu@physx@@UEBAAEBUPxHeightFieldSample@3@II@Z 00000001800038c0 f i Cooking.obj
 0001:000028d0       ?getSampleStride@HeightField@Gu@physx@@UEBAIXZ 00000001800038d0 f i Cooking.obj
 0001:000028e0       ?getTimestamp@HeightField@Gu@physx@@UEBAIXZ 00000001800038e0 f i Cooking.obj
 0001:000028f0       ?getTriangleMaterialIndex@HeightField@Gu@physx@@UEBAGI@Z 00000001800038f0 f i Cooking.obj
 0001:00002910       ?getTriangleNormal@HeightField@Gu@physx@@UEBA?AVPxVec3@3@I@Z 0000000180003910 f i Cooking.obj
 0001:00002a10       ?getVertices@ConvexMesh@Gu@physx@@UEBAPEBVPxVec3@3@XZ 0000000180003a10 f i Cooking.obj
 0001:00002a30       ?isKindOf@PxBase@physx@@MEBA_NPEBD@Z 0000000180003a30 f i Cooking.obj
 0001:00002a50       ?isKindOf@PxConvexMesh@physx@@MEBA_NPEBD@Z 0000000180003a50 f i Cooking.obj
 0001:00002a90       ?isKindOf@PxHeightField@physx@@MEBA_NPEBD@Z 0000000180003a90 f i Cooking.obj
 0001:00002ad0       ?isReleasable@PxBase@physx@@UEBA_NXZ 0000000180003ad0 f i Cooking.obj
 0001:00002ae0       ?outputSegment@RenderOutput@Cm@physx@@QEAAXAEBVPxVec3@3@0@Z 0000000180003ae0 f i Cooking.obj
 0001:00002ba0       ?platformMismatch@Cooking@physx@@UEBA_NXZ 0000000180003ba0 f   Cooking.obj
 0001:00002bb0       ?preExportDataReset@ConvexMesh@Gu@physx@@QEAAXXZ 0000000180003bb0 f i Cooking.obj
 0001:00002bb0       ?preExportDataReset@HeightField@Gu@physx@@QEAAXXZ 0000000180003bb0 f i Cooking.obj
 0001:00002bc0       ?recreate@?$Array@UPxDebugLine@physx@@V?$ReflectionAllocator@UPxDebugLine@physx@@@shdfnd@2@@shdfnd@physx@@IEAAXI@Z 0000000180003bc0 f i Cooking.obj
 0001:00002c40       ?release@Cooking@physx@@UEAAXXZ 0000000180003c40 f   Cooking.obj
 0001:00002c60       ?reserveSegments@RenderOutput@Cm@physx@@QEAAPEAUPxDebugLine@3@I@Z 0000000180003c60 f i Cooking.obj
 0001:00002cc0       ?setParams@Cooking@physx@@UEAAXAEBUPxCookingParams@2@@Z 0000000180003cc0 f   Cooking.obj
 0001:00002d20       ?validateConvexMesh@Cooking@physx@@UEBA_NAEBVPxConvexMeshDesc@2@@Z 0000000180003d20 f   Cooking.obj
 0001:00002d80       ?validateTriangleMesh@Cooking@physx@@UEBA_NAEBVPxTriangleMeshDesc@2@@Z 0000000180003d80 f   Cooking.obj
 0001:00002e90       PxCreateCooking            0000000180003e90 f   Cooking.obj
 0001:00002f80       ??0ReducedVertexCloud@physx@@QEAA@PEBVPxVec3@1@I@Z 0000000180003f80 f   CookingUtils.obj
 0001:00002fa0       ??1ReducedVertexCloud@physx@@QEAA@XZ 0000000180003fa0 f   CookingUtils.obj
 0001:00002fb0       ?Clean@ReducedVertexCloud@physx@@QEAAAEAV12@XZ 0000000180003fb0 f   CookingUtils.obj
 0001:00003020       ?Reduce@ReducedVertexCloud@physx@@QEAA_NPEAUREDUCEDCLOUD@2@@Z 0000000180004020 f   CookingUtils.obj
 0001:00003350       ??0EdgeListBuilder@Gu@physx@@QEAA@XZ 0000000180004350 f   EdgeList.obj
 0001:00003370       ??1EdgeList@Gu@physx@@QEAA@XZ 0000000180004370 f   EdgeList.obj
 0001:00003420       ??1EdgeListBuilder@Gu@physx@@QEAA@XZ 0000000180004420 f   EdgeList.obj
 0001:00003430       ?computeActiveEdges@EdgeListBuilder@Gu@physx@@AEAA_NIPEBIPEBGPEBVPxVec3@3@M@Z 0000000180004430 f   EdgeList.obj
 0001:00004a80       ?createEdgesToFaces@EdgeListBuilder@Gu@physx@@AEAA_NIPEBIPEBG@Z 0000000180005a80 f   EdgeList.obj
 0001:00004ce0       ?createFacesToEdges@EdgeListBuilder@Gu@physx@@AEAA_NIPEBIPEBG@Z 0000000180005ce0 f   EdgeList.obj
 0001:000051a0       ?init@EdgeListBuilder@Gu@physx@@QEAA_NAEBUEDGELISTCREATE@23@@Z 00000001800061a0 f   EdgeList.obj
 0001:000052d0       ??0MeshCleaner@physx@@QEAA@IPEBVPxVec3@1@IPEBIM@Z 00000001800062d0 f   MeshCleaner.obj
 0001:00005c90       ??1MeshCleaner@physx@@QEAA@XZ 0000000180006c90 f   MeshCleaner.obj
 0001:00005d20       ??$kmeans_cluster@VPxVec3@physx@@M@@YAIPEBVPxVec3@physx@@IIPEAV01@PEAIMM@Z 0000000180006d20 f i Quantizer.obj
 0001:00006700       ??_EQuantizer@physx@@MEAAPEAXI@Z 0000000180007700 f i Quantizer.obj
 0001:00006700       ??_GQuantizer@physx@@MEAAPEAXI@Z 0000000180007700 f i Quantizer.obj
 0001:00006730       ??_EQuantizerImpl@@EEAAPEAXI@Z 0000000180007730 f i Quantizer.obj
 0001:00006730       ??_GQuantizerImpl@@EEAAPEAXI@Z 0000000180007730 f i Quantizer.obj
 0001:00006800       ?allocate@?$Array@VPxVec3@physx@@V?$ReflectionAllocator@VPxVec3@physx@@@shdfnd@2@@shdfnd@physx@@IEAAPEAVPxVec3@3@I@Z 0000000180007800 f i Quantizer.obj
 0001:000068b0       ?copy@?$Array@VPxVec3@physx@@V?$ReflectionAllocator@VPxVec3@physx@@@shdfnd@2@@shdfnd@physx@@KAXPEAVPxVec3@3@0PEBV43@@Z 00000001800078b0 f i Quantizer.obj
 0001:00006970       ?createQuantizer@physx@@YAPEAVQuantizer@1@XZ 0000000180007970 f   Quantizer.obj
 0001:00006a20       ?getDenormalizeCenter@QuantizerImpl@@UEBAAEBVPxVec3@physx@@XZ 0000000180007a20 f i Quantizer.obj
 0001:00006a30       ?growAndPushBack@?$Array@VPxVec3@physx@@V?$ReflectionAllocator@VPxVec3@physx@@@shdfnd@2@@shdfnd@physx@@IEAAAEAVPxVec3@3@AEBV43@@Z 0000000180007a30 f i Quantizer.obj
 0001:00006c20       ?kmeansQuantize3D@QuantizerImpl@@UEAAPEBVPxVec3@physx@@IPEBV23@I_NIAEAI@Z 0000000180007c20 f i Quantizer.obj
 0001:00006e80       ?normalizeInput@QuantizerImpl@@AEAAXIPEBVPxVec3@physx@@I@Z 0000000180007e80 f i Quantizer.obj
 0001:00007280       ?release@QuantizerImpl@@UEAAXXZ 0000000180008280 f i Quantizer.obj
 0001:000072a0       ??$copy@V?$ReflectionAllocator@USlab@NodeAllocator@Gu@physx@@@shdfnd@physx@@@?$Array@USlab@NodeAllocator@Gu@physx@@V?$ReflectionAllocator@USlab@NodeAllocator@Gu@physx@@@shdfnd@4@@shdfnd@physx@@IEAAXAEBV012@@Z 00000001800082a0 f i BVHStructureBuilder.obj
 0001:00007320       ??0AABBTreeBuildNode@Gu@physx@@QEAA@AEBV012@@Z 0000000180008320 f i BVHStructureBuilder.obj
 0001:00007320       ??4AABBTreeBuildNode@Gu@physx@@QEAAAEAV012@AEBV012@@Z 0000000180008320 f i BVHStructureBuilder.obj
 0001:00007360       ??0AABBTreeBuildParams@Gu@physx@@QEAA@IIPEBVPxBounds3@2@@Z 0000000180008360 f i BVHStructureBuilder.obj
 0001:00007380       ??0BVHStructureBuilder@physx@@QEAA@XZ 0000000180008380 f   BVHStructureBuilder.obj
 0001:000073a0       ??0BuildStats@Gu@physx@@QEAA@XZ 00000001800083a0 f i BVHStructureBuilder.obj
 0001:000073b0       ??0NodeAllocator@Gu@physx@@QEAA@AEBV012@@Z 00000001800083b0 f i BVHStructureBuilder.obj
 0001:000073f0       ??1AABBTreeBuildParams@Gu@physx@@QEAA@XZ 00000001800083f0 f i BVHStructureBuilder.obj
 0001:000073f0       ?reset@AABBTreeBuildParams@Gu@physx@@QEAAXXZ 00000001800083f0 f i BVHStructureBuilder.obj
 0001:00007460       ??1BVHStructureBuilder@physx@@QEAA@XZ 0000000180008460 f   BVHStructureBuilder.obj
 0001:000074f0       ??4AABBTreeBuildParams@Gu@physx@@QEAAAEAV012@AEBV012@@Z 00000001800084f0 f i BVHStructureBuilder.obj
 0001:00007510       ??4BuildStats@Gu@physx@@QEAAAEAU012@$$QEAU012@@Z 0000000180008510 f i BVHStructureBuilder.obj
 0001:00007520       ??4BuildStats@Gu@physx@@QEAAAEAU012@AEBU012@@Z 0000000180008520 f i BVHStructureBuilder.obj
 0001:00007530       ??4NodeAllocator@Gu@physx@@QEAAAEAV012@AEBV012@@Z 0000000180008530 f i BVHStructureBuilder.obj
 0001:000075e0       ??_FAABBTreeBuildParams@Gu@physx@@QEAAXXZ 00000001800085e0 f i BVHStructureBuilder.obj
 0001:00007600       ??_V@YAXPEAX_K@Z           0000000180008600 f i MSVCRT:delete_array_size.obj
 0001:00007600       ?__global_delete@@YAXPEAX_K@Z 0000000180008600 f i BVHStructureBuilder.obj
 0001:00007610       ?allocate@?$Array@USlab@NodeAllocator@Gu@physx@@V?$ReflectionAllocator@USlab@NodeAllocator@Gu@physx@@@shdfnd@4@@shdfnd@physx@@IEAAPEAUSlab@NodeAllocator@Gu@3@I@Z 0000000180008610 f i BVHStructureBuilder.obj
 0001:000076b0       ?flatten@@YAXAEBVNodeAllocator@Gu@physx@@PEAUBVHNode@23@@Z 00000001800086b0 f   BVHStructureBuilder.obj
 0001:00007870       ?getCount@BuildStats@Gu@physx@@QEBAIXZ 0000000180008870 f i BVHStructureBuilder.obj
 0001:00007880       ?getNbPrimitives@AABBTreeBuildNode@Gu@physx@@QEBAIXZ 0000000180008880 f i BVHStructureBuilder.obj
 0001:00007880       ?getNbRuntimePrimitives@AABBTreeBuildNode@Gu@physx@@QEBAIXZ 0000000180008880 f i BVHStructureBuilder.obj
 0001:00007890       ?getNeg@AABBTreeBuildNode@Gu@physx@@QEBAPEBV123@XZ 0000000180008890 f i BVHStructureBuilder.obj
 0001:000078b0       ?getPrimitives@AABBTreeBuildNode@Gu@physx@@QEAAPEAIPEAI@Z 00000001800088b0 f i BVHStructureBuilder.obj
 0001:000078b0       ?getPrimitives@AABBTreeBuildNode@Gu@physx@@QEBAPEBIPEBI@Z 00000001800088b0 f i BVHStructureBuilder.obj
 0001:000078c0       ?increaseCount@BuildStats@Gu@physx@@QEAAXI@Z 00000001800088c0 f i BVHStructureBuilder.obj
 0001:000078d0       ?isLeaf@AABBTreeBuildNode@Gu@physx@@QEBA_NXZ 00000001800088d0 f i BVHStructureBuilder.obj
 0001:000078e0       ?loadFromDesc@BVHStructureBuilder@physx@@QEAA_NAEBVPxBVHStructureDesc@2@@Z 00000001800088e0 f   BVHStructureBuilder.obj
 0001:00007bf0       ?moveData@BVHStructureBuilder@physx@@QEAAXAEAUBVHStructureData@Gu@2@@Z 0000000180008bf0 f   BVHStructureBuilder.obj
 0001:00007c30       ?recreate@?$Array@USlab@NodeAllocator@Gu@physx@@V?$ReflectionAllocator@USlab@NodeAllocator@Gu@physx@@@shdfnd@4@@shdfnd@physx@@IEAAXI@Z 0000000180008c30 f i BVHStructureBuilder.obj
 0001:00007ce0       ?reset@BuildStats@Gu@physx@@QEAAXXZ 0000000180008ce0 f i BVHStructureBuilder.obj
 0001:00007cf0       ?save@BVHStructureBuilder@physx@@QEBA_NAEAVPxOutputStream@2@_N@Z 0000000180008cf0 f   BVHStructureBuilder.obj
 0001:00007e70       ?setCount@BuildStats@Gu@physx@@QEAAXI@Z 0000000180008e70 f i BVHStructureBuilder.obj
 0001:00007e80       ?setNbRunTimePrimitives@AABBTreeBuildNode@Gu@physx@@QEAAXI@Z 0000000180008e80 f i BVHStructureBuilder.obj
 0001:00007e90       ?saveHeightField@physx@@YA_NAEBVHeightField@Gu@1@AEAVPxOutputStream@1@_N@Z 0000000180008e90 f   HeightFieldCooking.obj
 0001:000080d0       ??$quickSelectFirstK@UBoundsLTE@physx@@@quickSelect@physx@@YAXPEIAIIIIAEBUBoundsLTE@1@@Z 00000001800090d0 f i RTreeCooking.obj
 0001:00008290       ??$smallSort@I$$CBUSortBoundsPredicate@physx@@@internal@shdfnd@physx@@YAXPEAIHHAEBUSortBoundsPredicate@2@@Z 0000000180009290 f i RTreeCooking.obj
 0001:000084f0       ??$sort@IU?$Less@I@shdfnd@physx@@V?$ReflectionAllocator@I@23@@shdfnd@physx@@YAXPEAIIAEBU?$Less@I@01@AEBV?$ReflectionAllocator@I@01@I@Z 00000001800094f0 f i RTreeCooking.obj
 0001:000088d0       ??$sort@IUSortBoundsPredicate@physx@@V?$ReflectionAllocator@I@shdfnd@2@@shdfnd@physx@@YAXPEAIIAEBUSortBoundsPredicate@1@AEBV?$ReflectionAllocator@I@01@I@Z 00000001800098d0 f i RTreeCooking.obj
 0001:00008d30       ?allocate@?$Array@UInterval@physx@@V?$InlineAllocator@$0CAAA@V?$ReflectionAllocator@UInterval@physx@@@shdfnd@physx@@@shdfnd@2@@shdfnd@physx@@IEAAPEAUInterval@3@I@Z 0000000180009d30 f i RTreeCooking.obj
 0001:00008df0       ?allocate@?$Array@UPxBounds3V@physx@@V?$ReflectionAllocator@UPxBounds3V@physx@@@shdfnd@2@@shdfnd@physx@@IEAAPEAUPxBounds3V@3@I@Z 0000000180009df0 f i RTreeCooking.obj
 0001:00008e90       ?allocate@?$Array@URTreeNodeNQ@physx@@V?$ReflectionAllocator@URTreeNodeNQ@physx@@@shdfnd@2@@shdfnd@physx@@IEAAPEAURTreeNodeNQ@3@I@Z 0000000180009e90 f i RTreeCooking.obj
 0001:00008f30       ?allocate@?$Array@URTreeNodeQ@Gu@physx@@V?$ReflectionAllocator@URTreeNodeQ@Gu@physx@@@shdfnd@3@@shdfnd@physx@@IEAAPEAURTreeNodeQ@Gu@3@I@Z 0000000180009f30 f i RTreeCooking.obj
 0001:00009c70       ?buildFromTriangles@RTreeCooker@physx@@SAXAEAURTree@Gu@2@PEBVPxVec3@2@IPEBGPEBIIAEAV?$Array@IV?$ReflectionAllocator@I@shdfnd@physx@@@shdfnd@2@PEAURemapCallback@12@MW4Enum@PxMeshCookingHint@2@@Z 000000018000ac70 f   RTreeCooking.obj
 0001:00009f30       ?growAndPushBack@?$Array@IV?$ReflectionAllocator@I@shdfnd@physx@@@shdfnd@physx@@IEAAAEAIAEBI@Z 000000018000af30 f i RTreeCooking.obj
 0001:0000a000       ?growAndPushBack@?$Array@UInterval@physx@@V?$InlineAllocator@$0CAAA@V?$ReflectionAllocator@UInterval@physx@@@shdfnd@physx@@@shdfnd@2@@shdfnd@physx@@IEAAAEAUInterval@3@AEBU43@@Z 000000018000b000 f i RTreeCooking.obj
 0001:0000a0e0       ?growAndPushBack@?$Array@UPxBounds3V@physx@@V?$ReflectionAllocator@UPxBounds3V@physx@@@shdfnd@2@@shdfnd@physx@@IEAAAEAUPxBounds3V@3@AEBU43@@Z 000000018000b0e0 f i RTreeCooking.obj
 0001:0000a1c0       ?growAndPushBack@?$Array@URTreeNodeNQ@physx@@V?$ReflectionAllocator@URTreeNodeNQ@physx@@@shdfnd@2@@shdfnd@physx@@IEAAAEAURTreeNodeNQ@3@AEBU43@@Z 000000018000b1c0 f i RTreeCooking.obj
 0001:0000a2b0       ?growAndPushBack@?$Array@URTreeNodeQ@Gu@physx@@V?$ReflectionAllocator@URTreeNodeQ@Gu@physx@@@shdfnd@3@@shdfnd@physx@@IEAAAEAURTreeNodeQ@Gu@3@AEBU453@@Z 000000018000b2b0 f i RTreeCooking.obj
 0001:0000a3a0       ?recreate@?$Array@IV?$ReflectionAllocator@I@shdfnd@physx@@@shdfnd@physx@@IEAAXI@Z 000000018000b3a0 f i RTreeCooking.obj
 0001:0000a460       ?recreate@?$Array@UPxBounds3V@physx@@V?$ReflectionAllocator@UPxBounds3V@physx@@@shdfnd@2@@shdfnd@physx@@IEAAXI@Z 000000018000b460 f i RTreeCooking.obj
 0001:0000a510       ?recreate@?$Array@URTreeNodeNQ@physx@@V?$ReflectionAllocator@URTreeNodeNQ@physx@@@shdfnd@2@@shdfnd@physx@@IEAAXI@Z 000000018000b510 f i RTreeCooking.obj
 0001:0000a590       ?recreate@?$Array@URTreeNodeQ@Gu@physx@@V?$ReflectionAllocator@URTreeNodeQ@Gu@physx@@@shdfnd@3@@shdfnd@physx@@IEAAXI@Z 000000018000b590 f i RTreeCooking.obj
 0001:0000a650       ?recreate@?$Array@VPxVec3@physx@@V?$ReflectionAllocator@VPxVec3@physx@@@shdfnd@2@@shdfnd@physx@@IEAAXI@Z 000000018000b650 f i RTreeCooking.obj
 0001:0000a6d0       ?resize@?$Array@IV?$ReflectionAllocator@I@shdfnd@physx@@@shdfnd@physx@@QEAAXIAEBI@Z 000000018000b6d0 f i RTreeCooking.obj
 0001:0000a790       ?resizeUninitialized@?$Array@URTreeNodeNQ@physx@@V?$ReflectionAllocator@URTreeNodeNQ@physx@@@shdfnd@2@@shdfnd@physx@@QEAAXI@Z 000000018000b790 f i RTreeCooking.obj
 0001:0000a7d0       ?sort4@SubSortQuick@physx@@QEAAXPEIAIIAEAV?$Array@URTreeNodeNQ@physx@@V?$ReflectionAllocator@URTreeNodeNQ@physx@@@shdfnd@2@@shdfnd@2@AEAIAEAUPxBounds3V@2@I@Z 000000018000b7d0 f i RTreeCooking.obj
 0001:0000ab70       ?sort4@SubSortSAH@physx@@QEAAXPEAIIAEAV?$Array@URTreeNodeNQ@physx@@V?$ReflectionAllocator@URTreeNodeNQ@physx@@@shdfnd@2@@shdfnd@2@AEAIIPEAURTreeNodeNQ@2@@Z 000000018000bb70 f i RTreeCooking.obj
 0001:0000b4b0       ?split@SubSortSAH@physx@@QEAAIPEAII@Z 000000018000c4b0 f i RTreeCooking.obj
 0001:0000bf90       ?computeLocalBounds@MeshBulider@physx@@IEAAXAEAVMeshDataBase@Gu@2@@Z 000000018000cf90 f   MeshBuilder.obj
 0001:0000c020       ??$?_UE@@YAPEAX_KV?$ReflectionAllocator@E@shdfnd@physx@@PEBDH@Z 000000018000d020 f i TriangleMeshBuilder.obj
 0001:0000c0c0       ??$?_UG@@YAPEAX_KV?$ReflectionAllocator@G@shdfnd@physx@@PEBDH@Z 000000018000d0c0 f i TriangleMeshBuilder.obj
 0001:0000c160       ??$median3@UEdgeTriLookup@physx@@$$CBU?$Less@UEdgeTriLookup@physx@@@shdfnd@2@@internal@shdfnd@physx@@YAXPEAUEdgeTriLookup@2@HHAEBU?$Less@UEdgeTriLookup@physx@@@12@@Z 000000018000d160 f i TriangleMeshBuilder.obj
 0001:0000c2b0       ??$sort@UEdgeTriLookup@physx@@U?$Less@UEdgeTriLookup@physx@@@shdfnd@2@V?$ReflectionAllocator@UEdgeTriLookup@physx@@@42@@shdfnd@physx@@YAXPEAUEdgeTriLookup@1@IAEBU?$Less@UEdgeTriLookup@physx@@@01@AEBV?$ReflectionAllocator@UEdgeTriLookup@physx@@@01@I@Z 000000018000d2b0 f i TriangleMeshBuilder.obj
 0001:0000c750       ??0BV4TriangleMeshBuilder@physx@@QEAA@AEBUPxCookingParams@1@@Z 000000018000d750 f   TriangleMeshBuilder.obj
 0001:0000c820       ??0RTreeTriangleMeshBuilder@physx@@QEAA@AEBUPxCookingParams@1@@Z 000000018000d820 f   TriangleMeshBuilder.obj
 0001:0000c8e0       ??1BV4TriangleMeshBuilder@physx@@UEAA@XZ 000000018000d8e0 f   TriangleMeshBuilder.obj
 0001:0000c940       ??1MeshDataBase@Gu@physx@@UEAA@XZ 000000018000d940 f i TriangleMeshBuilder.obj
 0001:0000ca30       ??1RTreeTriangleData@Gu@physx@@UEAA@XZ 000000018000da30 f i TriangleMeshBuilder.obj
 0001:0000caa0       ??1RTreeTriangleMeshBuilder@physx@@UEAA@XZ 000000018000daa0 f   TriangleMeshBuilder.obj
 0001:0000cad0       ??1TriangleMeshBuilder@physx@@UEAA@XZ 000000018000dad0 f   TriangleMeshBuilder.obj
 0001:0000cb40       ??1TriangleMeshData@Gu@physx@@UEAA@XZ 000000018000db40 f i TriangleMeshBuilder.obj
 0001:0000cc10       ??_EBV4TriangleData@Gu@physx@@UEAAPEAXI@Z 000000018000dc10 f i TriangleMeshBuilder.obj
 0001:0000cc10       ??_GBV4TriangleData@Gu@physx@@UEAAPEAXI@Z 000000018000dc10 f i TriangleMeshBuilder.obj
 0001:0000cca0       ??_EBV4TriangleMeshBuilder@physx@@UEAAPEAXI@Z 000000018000dca0 f i TriangleMeshBuilder.obj
 0001:0000cca0       ??_GBV4TriangleMeshBuilder@physx@@UEAAPEAXI@Z 000000018000dca0 f i TriangleMeshBuilder.obj
 0001:0000cd20       ??_EMeshDataBase@Gu@physx@@UEAAPEAXI@Z 000000018000dd20 f i TriangleMeshBuilder.obj
 0001:0000cd20       ??_GMeshDataBase@Gu@physx@@UEAAPEAXI@Z 000000018000dd20 f i TriangleMeshBuilder.obj
 0001:0000cd90       ??_ERTreeCookerRemap@physx@@UEAAPEAXI@Z 000000018000dd90 f i TriangleMeshBuilder.obj
 0001:0000cd90       ??_GRTreeCookerRemap@physx@@UEAAPEAXI@Z 000000018000dd90 f i TriangleMeshBuilder.obj
 0001:0000cdc0       ??_ERTreeTriangleData@Gu@physx@@UEAAPEAXI@Z 000000018000ddc0 f i TriangleMeshBuilder.obj
 0001:0000cdc0       ??_GRTreeTriangleData@Gu@physx@@UEAAPEAXI@Z 000000018000ddc0 f i TriangleMeshBuilder.obj
 0001:0000ce30       ??_ERTreeTriangleMeshBuilder@physx@@UEAAPEAXI@Z 000000018000de30 f i TriangleMeshBuilder.obj
 0001:0000ce30       ??_GRTreeTriangleMeshBuilder@physx@@UEAAPEAXI@Z 000000018000de30 f i TriangleMeshBuilder.obj
 0001:0000ce80       ??_ERemapCallback@RTreeCooker@physx@@UEAAPEAXI@Z 000000018000de80 f i TriangleMeshBuilder.obj
 0001:0000ce80       ??_GRemapCallback@RTreeCooker@physx@@UEAAPEAXI@Z 000000018000de80 f i TriangleMeshBuilder.obj
 0001:0000ceb0       ??_ETriangleMeshBuilder@physx@@UEAAPEAXI@Z 000000018000deb0 f i TriangleMeshBuilder.obj
 0001:0000ceb0       ??_GTriangleMeshBuilder@physx@@UEAAPEAXI@Z 000000018000deb0 f i TriangleMeshBuilder.obj
 0001:0000cef0       ??_ETriangleMeshData@Gu@physx@@UEAAPEAXI@Z 000000018000def0 f i TriangleMeshBuilder.obj
 0001:0000cef0       ??_GTriangleMeshData@Gu@physx@@UEAAPEAXI@Z 000000018000def0 f i TriangleMeshBuilder.obj
 0001:0000cf60       ?allocateTriangles@TriangleMeshData@Gu@physx@@QEAAPEAXI_NI@Z 000000018000df60 f i TriangleMeshBuilder.obj
 0001:0000d040       ?allocateVertices@MeshDataBase@Gu@physx@@QEAAPEAVPxVec3@3@I@Z 000000018000e040 f i TriangleMeshBuilder.obj
 0001:0000d590       ?checkMeshIndicesSize@TriangleMeshBuilder@physx@@QEAAXXZ 000000018000e590 f   TriangleMeshBuilder.obj
 0001:0000d8a0       ?cleanMesh@TriangleMeshBuilder@physx@@QEAA_N_NPEAW4Enum@PxTriangleMeshCookingResult@2@@Z 000000018000e8a0 f   TriangleMeshBuilder.obj
 0001:0000dd70       ?createGRBMidPhaseAndData@TriangleMeshBuilder@physx@@QEAAXI@Z 000000018000ed70 f   TriangleMeshBuilder.obj
 0001:0000e110       ?createMidPhaseStructure@BV4TriangleMeshBuilder@physx@@UEAAXXZ 000000018000f110 f   TriangleMeshBuilder.obj
 0001:0000e390       ?createMidPhaseStructure@RTreeTriangleMeshBuilder@physx@@UEAAXXZ 000000018000f390 f   TriangleMeshBuilder.obj
 0001:0000e470       ?createSharedEdgeData@TriangleMeshBuilder@physx@@QEAAX_N0@Z 000000018000f470 f   TriangleMeshBuilder.obj
 0001:0000eae0       ?getMidphaseID@BV4TriangleMeshBuilder@physx@@UEBA?AW4Enum@PxMeshMidPhase@2@XZ 000000018000fae0 f i TriangleMeshBuilder.obj
 0001:0000eae0       _get_startup_argv_mode     000000018000fae0 f i MSVCRT:argv_mode.obj
 0001:0000eaf0       ?getMidphaseID@RTreeTriangleMeshBuilder@physx@@UEBA?AW4Enum@PxMeshMidPhase@2@XZ 000000018000faf0 f i TriangleMeshBuilder.obj
 0001:0000eaf0       __scrt_stub_for_is_c_termination_complete 000000018000faf0 f i MSVCRT:ucrt_stubs.obj
 0001:0000eaf0       _is_c_termination_complete 000000018000faf0 f i MSVCRT:ucrt_stubs.obj
 0001:0000eb00       ?importMesh@TriangleMeshBuilder@physx@@IEAA_NAEBVPxTriangleMeshDesc@2@AEBUPxCookingParams@2@PEAW4Enum@PxTriangleMeshCookingResult@2@_N@Z 000000018000fb00 f   TriangleMeshBuilder.obj
 0001:0000edb0       ?loadFromDesc@TriangleMeshBuilder@physx@@QEAA_NAEBVPxTriangleMeshDesc@2@PEAW4Enum@PxTriangleMeshCookingResult@2@_N@Z 000000018000fdb0 f   TriangleMeshBuilder.obj
 0001:0000f1a0       ?onMeshIndexFormatChange@BV4TriangleMeshBuilder@physx@@UEAAXXZ 00000001800101a0 f   TriangleMeshBuilder.obj
 0001:0000f1e0       ?remap@RTreeCookerRemap@physx@@UEAAXPEAIII@Z 00000001800101e0 f i TriangleMeshBuilder.obj
 0001:0000f200       ?remapTopology@TriangleMeshBuilder@physx@@QEAAXPEBI@Z 0000000180010200 f   TriangleMeshBuilder.obj
 0001:0000f450       ?save@TriangleMeshBuilder@physx@@QEBA_NAEAVPxOutputStream@2@_NAEBUPxCookingParams@2@@Z 0000000180010450 f   TriangleMeshBuilder.obj
 0001:0000fa20       ?saveMidPhaseStructure@BV4TriangleMeshBuilder@physx@@UEBAXAEAVPxOutputStream@2@_N@Z 0000000180010a20 f   TriangleMeshBuilder.obj
 0001:0000fbc0       ?saveMidPhaseStructure@RTreeTriangleMeshBuilder@physx@@UEBAXAEAVPxOutputStream@2@_N@Z 0000000180010bc0 f   TriangleMeshBuilder.obj
 0001:0000fe00       ??0BigConvexDataBuilder@physx@@QEAA@PEBUConvexHullData@Gu@1@PEAVBigConvexData@1@PEBVPxVec3@1@@Z 0000000180010e00 f   BigConvexDataBuilder.obj
 0001:0000fe10       ??4BigConvexData@physx@@QEAAAEAV01@AEBV01@@Z 0000000180010e10 f i BigConvexDataBuilder.obj
 0001:0000fe30       ?GetAdjacentVerts@BigConvexData@physx@@QEBAPEBEXZ 0000000180010e30 f i BigConvexDataBuilder.obj
 0001:0000fe40       ?GetNbNeighbors@BigConvexData@physx@@QEBAGI@Z 0000000180010e40 f i BigConvexDataBuilder.obj
 0001:0000fe40       ?GetValency@BigConvexData@physx@@QEBAGI@Z 0000000180010e40 f i BigConvexDataBuilder.obj
 0001:0000fe50       ?GetNbSamples@BigConvexData@physx@@QEBAIXZ 0000000180010e50 f i BigConvexDataBuilder.obj
 0001:0000fe60       ?GetNbVerts@BigConvexData@physx@@QEBAIXZ 0000000180010e60 f i BigConvexDataBuilder.obj
 0001:0000fe70       ?GetNeighbors@BigConvexData@physx@@QEBAPEBEI@Z 0000000180010e70 f i BigConvexDataBuilder.obj
 0001:0000fe80       ?GetOffset@BigConvexData@physx@@QEBAGI@Z 0000000180010e80 f i BigConvexDataBuilder.obj
 0001:0000fe90       ?GetSubdiv@BigConvexData@physx@@QEBAIXZ 0000000180010e90 f i BigConvexDataBuilder.obj
 0001:0000fea0       ?computeValencies@BigConvexDataBuilder@physx@@QEAA_NAEBVConvexHullBuilder@2@@Z 0000000180010ea0 f   BigConvexDataBuilder.obj
 0001:00010260       ?precompute@BigConvexDataBuilder@physx@@QEAA_NI@Z 0000000180011260 f   BigConvexDataBuilder.obj
 0001:00010e90       ?save@BigConvexDataBuilder@physx@@QEBA_NAEAVPxOutputStream@2@_N@Z 0000000180011e90 f   BigConvexDataBuilder.obj
 0001:00010f70       ?saveValencies@BigConvexDataBuilder@physx@@QEBA_NAEAVPxOutputStream@2@_N@Z 0000000180011f70 f   BigConvexDataBuilder.obj
 0001:00011120       ??0ConvexHullBuilder@physx@@QEAA@PEAUConvexHullData@Gu@1@_N@Z 0000000180012120 f   ConvexHullBuilder.obj
 0001:00011150       ??1ConvexHullBuilder@physx@@QEAA@XZ 0000000180012150 f   ConvexHullBuilder.obj
 0001:00011260       ?calculateVertexMapTable@ConvexHullBuilder@physx@@QEAA_NI_N@Z 0000000180012260 f   ConvexHullBuilder.obj
 0001:00011420       ?checkHullPolygons@ConvexHullBuilder@physx@@QEBA_NXZ 0000000180012420 f   ConvexHullBuilder.obj
 0001:00011c20       ?computeGeomCenter@ConvexHullBuilder@physx@@IEBA_NAEAVPxVec3@2@IPEAUHullTriangleData@2@@Z 0000000180012c20 f   ConvexHullBuilder.obj
 0001:00011ed0       ?copy@ConvexHullBuilder@physx@@QEAA_NAEAUConvexHullData@Gu@2@AEAI@Z 0000000180012ed0 f   ConvexHullBuilder.obj
 0001:00012150       ?createEdgeList@ConvexHullBuilder@physx@@QEAA_N_NI@Z 0000000180013150 f   ConvexHullBuilder.obj
 0001:00012940       ?init@ConvexHullBuilder@physx@@QEAA_NIPEBVPxVec3@2@PEBIIIPEBUPxHullPolygon@2@_NPEAVConvexHullLib@2@@Z 0000000180013940 f   ConvexHullBuilder.obj
 0001:00012d50       ?save@ConvexHullBuilder@physx@@QEBA_NAEAVPxOutputStream@2@_N@Z 0000000180013d50 f   ConvexHullBuilder.obj
 0001:00013090       ??1ConvexHullLib@physx@@UEAA@XZ 0000000180014090 f   ConvexHullLib.obj
 0001:000130f0       ??_EConvexHullLib@physx@@UEAAPEAXI@Z 00000001800140f0 f i ConvexHullLib.obj
 0001:000130f0       ??_GConvexHullLib@physx@@UEAAPEAXI@Z 00000001800140f0 f i ConvexHullLib.obj
 0001:00013570       ?cleanupVertices@ConvexHullLib@physx@@IEAA_NIPEBVPxVec3@2@IAEAIPEAV32@AEAV32@3@Z 0000000180014570 f   ConvexHullLib.obj
 0001:000139f0       ?shiftAndcleanupVertices@ConvexHullLib@physx@@IEAA_NIPEBVPxVec3@2@IAEAIPEAV32@AEAV32@3@Z 00000001800149f0 f   ConvexHullLib.obj
 0001:00013ea0       ?shiftConvexMeshDesc@ConvexHullLib@physx@@IEAAXAEAVPxConvexMeshDesc@2@@Z 0000000180014ea0 f   ConvexHullLib.obj
 0001:00013f60       ?swapLargestFace@ConvexHullLib@physx@@IEAAXAEAVPxConvexMeshDesc@2@@Z 0000000180014f60 f   ConvexHullLib.obj
 0001:00014150       ??0Box@Gu@physx@@QEAA@AEBV012@@Z 0000000180015150 f i ConvexHullUtils.obj
 0001:00014150       ??4Box@Gu@physx@@QEAAAEBV012@AEBV012@@Z 0000000180015150 f i ConvexHullUtils.obj
 0001:000141b0       ??0Box@Gu@physx@@QEAA@AEBVPxVec3@2@0AEBVPxMat33@2@@Z 00000001800151b0 f i ConvexHullUtils.obj
 0001:00014220       ??0ConvexHull@physx@@QEAA@AEBVPxVec3@1@AEBVPxTransform@1@AEBV?$Array@VPxPlane@physx@@V?$ReflectionAllocator@VPxPlane@physx@@@shdfnd@2@@shdfnd@1@@Z 0000000180015220 f   ConvexHullUtils.obj
 0001:000153d0       ??0PxQuat@physx@@QEAA@AEBVPxMat33@1@@Z 00000001800163d0 f i ConvexHullUtils.obj
 0001:000155c0       ?allocate@?$Array@VHalfEdge@ConvexHull@physx@@V?$ReflectionAllocator@VHalfEdge@ConvexHull@physx@@@shdfnd@3@@shdfnd@physx@@IEAAPEAVHalfEdge@ConvexHull@3@I@Z 00000001800165c0 f i ConvexHullUtils.obj
 0001:00015660       ?allocate@?$Array@VPxPlane@physx@@V?$ReflectionAllocator@VPxPlane@physx@@@shdfnd@2@@shdfnd@physx@@IEAAPEAVPxPlane@3@I@Z 0000000180016660 f i ConvexHullUtils.obj
 0001:00015700       ?assertIntact@ConvexHull@physx@@QEBA_NM@Z 0000000180016700 f   ConvexHullUtils.obj
 0001:00015a10       ?computeAABBExtent@Box@Gu@physx@@QEBA?AVPxVec3@3@XZ 0000000180016a10 f i ConvexHullUtils.obj
 0001:00015ad0       ?computeBoxPoints@Box@Gu@physx@@QEBAXPEIAVPxVec3@3@@Z 0000000180016ad0 f i ConvexHullUtils.obj
 0001:00015b10       ?computeOBBFromConvex@physx@@YA_NAEBVPxConvexMeshDesc@1@AEAVPxVec3@1@AEAVPxTransform@1@@Z 0000000180016b10 f   ConvexHullUtils.obj
 0001:00016280       ?computeOBBSIMD@local@@YAXIPEBT__m128@@AEAT2@AEBT2@1@Z 0000000180017280 f   ConvexHullUtils.obj
 0001:00016660       ?convexHullCrop@physx@@YAPEAVConvexHull@1@AEBV21@AEBVPxPlane@1@M@Z 0000000180017660 f   ConvexHullUtils.obj
 0001:00017450       ?copy@?$Array@VPxPlane@physx@@V?$ReflectionAllocator@VPxPlane@physx@@@shdfnd@2@@shdfnd@physx@@KAXPEAVPxPlane@3@0PEBV43@@Z 0000000180018450 f i ConvexHullUtils.obj
 0001:00017540       ?findCandidatePlane@ConvexHull@physx@@QEBAHMM@Z 0000000180018540 f   ConvexHullUtils.obj
 0001:00017990       ?getInverse@PxMat33@physx@@QEBA?BV12@XZ 0000000180018990 f i ConvexHullUtils.obj
 0001:00017bd0       ?getTransform@Box@Gu@physx@@QEBA?AVPxTransform@3@XZ 0000000180018bd0 f i ConvexHullUtils.obj
 0001:00017c30       ?growAndPushBack@?$Array@VHalfEdge@ConvexHull@physx@@V?$ReflectionAllocator@VHalfEdge@ConvexHull@physx@@@shdfnd@3@@shdfnd@physx@@IEAAAEAVHalfEdge@ConvexHull@3@AEBV453@@Z 0000000180018c30 f i ConvexHullUtils.obj
 0001:00017cf0       ?growAndPushBack@?$Array@VPxPlane@physx@@V?$ReflectionAllocator@VPxPlane@physx@@@shdfnd@2@@shdfnd@physx@@IEAAAEAVPxPlane@3@AEBV43@@Z 0000000180018cf0 f i ConvexHullUtils.obj
 0001:00017dc0       ?isValid@Box@Gu@physx@@QEBA_NXZ 0000000180018dc0 f i ConvexHullUtils.obj
 0001:00017de0       ?maxNumVertsPerFace@ConvexHull@physx@@QEBAIXZ 0000000180018de0 f   ConvexHullUtils.obj
 0001:00017e50       ?recreate@?$Array@VHalfEdge@ConvexHull@physx@@V?$ReflectionAllocator@VHalfEdge@ConvexHull@physx@@@shdfnd@3@@shdfnd@physx@@IEAAXI@Z 0000000180018e50 f i ConvexHullUtils.obj
 0001:00017ef0       ?recreate@?$Array@VPxPlane@physx@@V?$ReflectionAllocator@VPxPlane@physx@@@shdfnd@2@@shdfnd@physx@@IEAAXI@Z 0000000180018ef0 f i ConvexHullUtils.obj
 0001:00017f70       ?resize@?$Array@VHalfEdge@ConvexHull@physx@@V?$ReflectionAllocator@VHalfEdge@ConvexHull@physx@@@shdfnd@3@@shdfnd@physx@@QEAAXIAEBVHalfEdge@ConvexHull@3@@Z 0000000180018f70 f i ConvexHullUtils.obj
 0001:00018030       ?resize@?$Array@VPxPlane@physx@@V?$ReflectionAllocator@VPxPlane@physx@@@shdfnd@2@@shdfnd@physx@@QEAAXIAEBVPxPlane@3@@Z 0000000180019030 f i ConvexHullUtils.obj
 0001:00018140       ?resize@?$Array@VPxVec3@physx@@V?$ReflectionAllocator@VPxVec3@physx@@@shdfnd@2@@shdfnd@physx@@QEAAXIAEBVPxVec3@3@@Z 0000000180019140 f i ConvexHullUtils.obj
 0001:00018230       ?rotate@Box@Gu@physx@@QEBA?AVPxVec3@3@AEBV43@@Z 0000000180019230 f i ConvexHullUtils.obj
 0001:000182c0       ?rotateInv@Box@Gu@physx@@QEBA?AVPxVec3@3@AEBV43@@Z 00000001800192c0 f i ConvexHullUtils.obj
 0001:00018350       ?setAxes@Box@Gu@physx@@QEAAXAEBVPxVec3@3@00@Z 0000000180019350 f i ConvexHullUtils.obj
 0001:00018390       ?setEmpty@Box@Gu@physx@@QEAAXXZ 0000000180019390 f i ConvexHullUtils.obj
 0001:000183d0       ?transform@Box@Gu@physx@@QEBA?AVPxVec3@3@AEBV43@@Z 00000001800193d0 f i ConvexHullUtils.obj
 0001:00018470       ??0ConvexMeshBuilder@physx@@QEAA@_N@Z 0000000180019470 f   ConvexMeshBuilder.obj
 0001:000184d0       ??1ConvexMeshBuilder@physx@@QEAA@XZ 00000001800194d0 f   ConvexMeshBuilder.obj
 0001:00018920       ?build@ConvexMeshBuilder@physx@@QEAA_NAEBVPxConvexMeshDesc@2@I_NPEAVConvexHullLib@2@@Z 0000000180019920 f   ConvexMeshBuilder.obj
 0001:00018c40       ?computeHullPolygons@ConvexMeshBuilder@physx@@QEAA_NAEBIPEBVPxVec3@2@0PEBIAEAVPxAllocatorCallback@2@AEAIAEAPEAV32@4AEAPEAI4AEAPEAUPxHullPolygon@2@@Z 0000000180019c40 f   ConvexMeshBuilder.obj
 0001:00018e80       ?computeMassInfo@ConvexMeshBuilder@physx@@QEAAX_N@Z 0000000180019e80 f   ConvexMeshBuilder.obj
 0001:000192e0       ?copy@ConvexMeshBuilder@physx@@QEAA_NAEAUConvexHullInitData@Gu@2@@Z 000000018001a2e0 f   ConvexMeshBuilder.obj
 0001:00019400       ?isFinite@PxVec3@physx@@QEBA_NXZ 000000018001a400 f i ConvexMeshBuilder.obj
 0001:00019460       ?loadConvexHull@ConvexMeshBuilder@physx@@QEAA_NAEBVPxConvexMeshDesc@2@PEAVConvexHullLib@2@@Z 000000018001a460 f   ConvexMeshBuilder.obj
 0001:000196e0       ?save@ConvexMeshBuilder@physx@@QEBA_NAEAVPxOutputStream@2@_N@Z 000000018001a6e0 f   ConvexMeshBuilder.obj
 0001:000198f0       ??$?_UUHullTriangleData@physx@@@@YAPEAX_KV?$ReflectionAllocator@UHullTriangleData@physx@@@shdfnd@physx@@PEBDH@Z 000000018001a8f0 f i ConvexPolygonsBuilder.obj
 0001:00019990       ??$copy@V?$ReflectionAllocator@VPair@@@shdfnd@physx@@@?$Array@VPair@@V?$ReflectionAllocator@VPair@@@shdfnd@physx@@@shdfnd@physx@@IEAAXAEBV012@@Z 000000018001a990 f i ConvexPolygonsBuilder.obj
 0001:00019a10       ??0ConvexPolygonsBuilder@physx@@QEAA@PEAUConvexHullData@Gu@1@_N@Z 000000018001aa10 f   ConvexPolygonsBuilder.obj
 0001:00019a30       ??1ConvexPolygonsBuilder@physx@@QEAA@XZ 000000018001aa30 f   ConvexPolygonsBuilder.obj
 0001:0001a270       ?allocate@?$Array@VPair@@V?$ReflectionAllocator@VPair@@@shdfnd@physx@@@shdfnd@physx@@IEAAPEAVPair@@I@Z 000000018001b270 f i ConvexPolygonsBuilder.obj
 0001:0001aad0       ?computeHullPolygons@ConvexPolygonsBuilder@physx@@QEAA_NAEBIPEBVPxVec3@2@0PEBI@Z 000000018001bad0 f   ConvexPolygonsBuilder.obj
 0001:0001c100       ?createPolygonData@ConvexPolygonsBuilder@physx@@AEAA_NXZ 000000018001d100 f   ConvexPolygonsBuilder.obj
 0001:0001cad0       ?createTrianglesFromPolygons@ConvexPolygonsBuilder@physx@@AEAA_NXZ 000000018001dad0 f   ConvexPolygonsBuilder.obj
 0001:0001e0e0       ?growAndPushBack@?$Array@VPair@@V?$ReflectionAllocator@VPair@@@shdfnd@physx@@@shdfnd@physx@@IEAAAEAVPair@@AEBV4@@Z 000000018001f0e0 f i ConvexPolygonsBuilder.obj
 0001:0001e1b0       ??0QuickHull@local@@QEAA@AEBUPxCookingParams@physx@@AEBVPxConvexMeshDesc@3@@Z 000000018001f1b0 f   QuickHullConvexHullLib.obj
 0001:0001e260       ??0QuickHullConvexHullLib@physx@@QEAA@AEBVPxConvexMeshDesc@1@AEBUPxCookingParams@1@@Z 000000018001f260 f   QuickHullConvexHullLib.obj
 0001:0001e350       ??1?$MemBlock@UQuickHullFace@local@@$00@local@@QEAA@XZ 000000018001f350 f i QuickHullConvexHullLib.obj
 0001:0001e350       ??1?$MemBlock@UQuickHullHalfEdge@local@@$0A@@local@@QEAA@XZ 000000018001f350 f i QuickHullConvexHullLib.obj
 0001:0001e3f0       ??1QuickHull@local@@QEAA@XZ 000000018001f3f0 f   QuickHullConvexHullLib.obj
 0001:0001e550       ??_GConvexHull@physx@@QEAAPEAXI@Z 000000018001f550 f i QuickHullConvexHullLib.obj
 0001:0001e640       ??_EQuickHullConvexHullLib@physx@@UEAAPEAXI@Z 000000018001f640 f i QuickHullConvexHullLib.obj
 0001:0001e640       ??_GQuickHullConvexHullLib@physx@@UEAAPEAXI@Z 000000018001f640 f i QuickHullConvexHullLib.obj
 0001:0001e750       ?addPointToHull@QuickHull@local@@IEAA_NPEBUQuickHullVertex@2@AEAUQuickHullFace@2@AEA_N@Z 000000018001f750 f   QuickHullConvexHullLib.obj
 0001:0001ea20       ?addSimplex@QuickHull@local@@IEAAXPEAUQuickHullVertex@2@_N@Z 000000018001fa20 f   QuickHullConvexHullLib.obj
 0001:0001ef10       ?allocate@?$Array@PEAUQuickHullFace@local@@V?$ReflectionAllocator@PEAUQuickHullFace@local@@@shdfnd@physx@@@shdfnd@physx@@IEAAPEAPEAUQuickHullFace@local@@I@Z 000000018001ff10 f i QuickHullConvexHullLib.obj
 0001:0001efb0       ?allocate@?$Array@PEAUQuickHullHalfEdge@local@@V?$ReflectionAllocator@PEAUQuickHullHalfEdge@local@@@shdfnd@physx@@@shdfnd@physx@@IEAAPEAPEAUQuickHullHalfEdge@local@@I@Z 000000018001ffb0 f i QuickHullConvexHullLib.obj
 0001:0001f050       ?allocate@?$Array@PEAUQuickHullVertex@local@@V?$ReflectionAllocator@PEAUQuickHullVertex@local@@@shdfnd@physx@@@shdfnd@physx@@IEAAPEAPEAUQuickHullVertex@local@@I@Z 0000000180020050 f i QuickHullConvexHullLib.obj
 0001:0001f0f0       ?allocate@?$Array@UExpandPoint@local@@V?$ReflectionAllocator@UExpandPoint@local@@@shdfnd@physx@@@shdfnd@physx@@IEAAPEAUExpandPoint@local@@I@Z 00000001800200f0 f i QuickHullConvexHullLib.obj
 0001:0001f190       ?buildHull@QuickHull@local@@QEAA?AW4Enum@QuickHullResult@2@XZ 0000000180020190 f   QuickHullConvexHullLib.obj
 0001:0001f3b0       ?calculateHorizon@QuickHull@local@@IEAAXAEBVPxVec3@physx@@PEAUQuickHullHalfEdge@2@AEAUQuickHullFace@2@AEAV?$Array@PEAUQuickHullHalfEdge@local@@V?$ReflectionAllocator@PEAUQuickHullHalfEdge@local@@@shdfnd@physx@@@shdfnd@4@AEAV?$Array@PEAUQuickHullFace@local@@V?$ReflectionAllocator@PEAUQuickHullFace@local@@@shdfnd@physx@@@84@@Z 00000001800203b0 f   QuickHullConvexHullLib.obj
 0001:0001f560       ?canMergeFaces@QuickHull@local@@IEAA_NAEBUQuickHullHalfEdge@2@@Z 0000000180020560 f   QuickHullConvexHullLib.obj
 0001:0001fd80       ?cleanupForSimplex@QuickHullConvexHullLib@physx@@IEAA_NPEAVPxVec3@2@IPEAUQuickHullVertex@local@@1AEAM2@Z 0000000180020d80 f   QuickHullConvexHullLib.obj
 0001:00020ce0       ?computeMinMaxVerts@QuickHull@local@@IEAAXXZ 0000000180021ce0 f   QuickHullConvexHullLib.obj
 0001:000210c0       ?connectHalfEdges@QuickHullFace@local@@AEAAPEAU12@PEAUQuickHullHalfEdge@2@0@Z 00000001800220c0 f   QuickHullConvexHullLib.obj
 0001:00021430       ?copy@?$Array@UExpandPoint@local@@V?$ReflectionAllocator@UExpandPoint@local@@@shdfnd@physx@@@shdfnd@physx@@KAXPEAUExpandPoint@local@@0PEBU45@@Z 0000000180022430 f i QuickHullConvexHullLib.obj
 0001:00021680       ?createConvexHull@QuickHullConvexHullLib@physx@@UEAA?AW4Enum@PxConvexMeshCookingResult@2@XZ 0000000180022680 f   QuickHullConvexHullLib.obj
 0001:00021aa0       ?createEdgeList@QuickHullConvexHullLib@physx@@UEAA_NIPEBEPEAPEAEPEAPEAG2@Z 0000000180022aa0 f   QuickHullConvexHullLib.obj
 0001:00021d00       ?createTriangle@QuickHull@local@@IEAAPEAUQuickHullFace@2@AEBUQuickHullVertex@2@00@Z 0000000180022d00 f   QuickHullConvexHullLib.obj
 0001:000220d0       ?doAdjacentMerge@QuickHull@local@@IEAA_NAEAUQuickHullFace@2@_NAEA_N@Z 00000001800230d0 f   QuickHullConvexHullLib.obj
 0001:00022420       ?expandHull@QuickHullConvexHullLib@physx@@IEAA?AW4Enum@PxConvexMeshCookingResult@2@XZ 0000000180023420 f   QuickHullConvexHullLib.obj
 0001:00022d60       ?expandHullOBB@QuickHullConvexHullLib@physx@@IEAA?AW4Enum@PxConvexMeshCookingResult@2@XZ 0000000180023d60 f   QuickHullConvexHullLib.obj
 0001:000231a0       ?fillConvexMeshDesc@QuickHullConvexHullLib@physx@@UEAAXAEAVPxConvexMeshDesc@2@@Z 00000001800241a0 f   QuickHullConvexHullLib.obj
 0001:000231f0       ?fillConvexMeshDescFromCroppedHull@QuickHullConvexHullLib@physx@@IEAAXAEAVPxConvexMeshDesc@2@@Z 00000001800241f0 f   QuickHullConvexHullLib.obj
 0001:000233e0       ?fillConvexMeshDescFromQuickHull@QuickHullConvexHullLib@physx@@IEAAXAEAVPxConvexMeshDesc@2@@Z 00000001800243e0 f   QuickHullConvexHullLib.obj
 0001:00023760       ?findSimplex@QuickHull@local@@IEAA_NXZ 0000000180024760 f   QuickHullConvexHullLib.obj
 0001:000243a0       ?getFreeItem@?$MemBlock@UQuickHullFace@local@@$00@local@@QEAAPEAUQuickHullFace@2@XZ 00000001800253a0 f i QuickHullConvexHullLib.obj
 0001:000244e0       ?getFreeItem@?$MemBlock@UQuickHullHalfEdge@local@@$0A@@local@@QEAAPEAUQuickHullHalfEdge@2@XZ 00000001800254e0 f i QuickHullConvexHullLib.obj
 0001:000245b0       ?growAndPushBack@?$Array@PEAUQuickHullFace@local@@V?$ReflectionAllocator@PEAUQuickHullFace@local@@@shdfnd@physx@@@shdfnd@physx@@IEAAAEAPEAUQuickHullFace@local@@AEBQEAU45@@Z 00000001800255b0 f i QuickHullConvexHullLib.obj
 0001:00024680       ?growAndPushBack@?$Array@PEAUQuickHullHalfEdge@local@@V?$ReflectionAllocator@PEAUQuickHullHalfEdge@local@@@shdfnd@physx@@@shdfnd@physx@@IEAAAEAPEAUQuickHullHalfEdge@local@@AEBQEAU45@@Z 0000000180025680 f i QuickHullConvexHullLib.obj
 0001:00024750       ?growAndPushBack@?$Array@PEAUQuickHullVertex@local@@V?$ReflectionAllocator@PEAUQuickHullVertex@local@@@shdfnd@physx@@@shdfnd@physx@@IEAAAEAPEAUQuickHullVertex@local@@AEBQEAU45@@Z 0000000180025750 f i QuickHullConvexHullLib.obj
 0001:00024820       ?growAndPushBack@?$Array@UExpandPoint@local@@V?$ReflectionAllocator@UExpandPoint@local@@@shdfnd@physx@@@shdfnd@physx@@IEAAAEAUExpandPoint@local@@AEBU45@@Z 0000000180025820 f i QuickHullConvexHullLib.obj
 0001:00024940       ?init@?$MemBlock@UQuickHullFace@local@@$00@local@@QEAAXI@Z 0000000180025940 f i QuickHullConvexHullLib.obj
 0001:00024a30       ?init@?$MemBlock@UQuickHullHalfEdge@local@@$0A@@local@@QEAAXI@Z 0000000180025a30 f i QuickHullConvexHullLib.obj
 0001:00024ad0       ?mergeAdjacentFace@QuickHullFace@local@@QEAA_NPEAUQuickHullHalfEdge@2@AEAV?$Array@PEAUQuickHullFace@local@@V?$ReflectionAllocator@PEAUQuickHullFace@local@@@shdfnd@physx@@@shdfnd@physx@@@Z 0000000180025ad0 f   QuickHullConvexHullLib.obj
 0001:00024f20       ?nextPointToAdd@QuickHull@local@@IEAAPEAUQuickHullVertex@2@AEAPEAUQuickHullFace@2@@Z 0000000180025f20 f   QuickHullConvexHullLib.obj
 0001:000250a0       ?parseInputVertices@QuickHull@local@@QEAAXPEBVPxVec3@physx@@I@Z 00000001800260a0 f   QuickHullConvexHullLib.obj
 0001:00025220       ?postMergeHull@QuickHull@local@@IEAAXXZ 0000000180026220 f   QuickHullConvexHullLib.obj
 0001:00025480       ?preallocate@QuickHull@local@@QEAAXI@Z 0000000180026480 f   QuickHullConvexHullLib.obj
 0001:000255c0       ?recreate@?$Array@PEAUQuickHullFace@local@@V?$ReflectionAllocator@PEAUQuickHullFace@local@@@shdfnd@physx@@@shdfnd@physx@@IEAAXI@Z 00000001800265c0 f i QuickHullConvexHullLib.obj
 0001:00025660       ?recreate@?$Array@PEAUQuickHullHalfEdge@local@@V?$ReflectionAllocator@PEAUQuickHullHalfEdge@local@@@shdfnd@physx@@@shdfnd@physx@@IEAAXI@Z 0000000180026660 f i QuickHullConvexHullLib.obj
 0001:00025700       ?recreate@?$Array@PEAUQuickHullVertex@local@@V?$ReflectionAllocator@PEAUQuickHullVertex@local@@@shdfnd@physx@@@shdfnd@physx@@IEAAXI@Z 0000000180026700 f i QuickHullConvexHullLib.obj
 0001:000257a0       ?recreate@?$Array@UExpandPoint@local@@V?$ReflectionAllocator@UExpandPoint@local@@@shdfnd@physx@@@shdfnd@physx@@IEAAXI@Z 00000001800267a0 f i QuickHullConvexHullLib.obj
 0001:00025820       ?resolveUnclaimedPoints@QuickHull@local@@IEAAXAEBV?$Array@PEAUQuickHullFace@local@@V?$ReflectionAllocator@PEAUQuickHullFace@local@@@shdfnd@physx@@@shdfnd@physx@@@Z 0000000180026820 f   QuickHullConvexHullLib.obj
 0001:00026590       ?computeVolumeIntegralsEberly@physx@@YA_NAEBVPxConvexMeshDesc@1@MAEAUPxIntegrals@1@AEBVPxVec3@1@@Z 0000000180027590 f   VolumeIntegration.obj
 0001:000265d0       ?computeVolumeIntegralsEberlySIMD@physx@@YA_NAEBVPxConvexMeshDesc@1@MAEAUPxIntegrals@1@AEBVPxVec3@1@@Z 00000001800275d0 f   VolumeIntegration.obj
 0001:00026c30       ?cookingDelayHook@@YAP6A_JXZIPEAUDelayLoadInfo@@@Z 0000000180027c30 f   WindowsCookingDelayLoadHook.obj
 0001:00026d10       PxSetPhysXCookingDelayLoadHook 0000000180027d10 f   WindowsCookingDelayLoadHook.obj
 0001:00026d18       ??0RadixSortBuffered@Cm@physx@@QEAA@XZ 0000000180027d18 f   PhysXCommon_64:PhysXCommon_64.dll
 0001:00026d1e       __tailMerge_physxcommon_64_dll 0000000180027d1e     PhysXCommon_64:PhysXCommon_64.dll
 0001:00026d97       __imp_load_??0RadixSortBuffered@Cm@physx@@QEAA@XZ 0000000180027d97 f   PhysXCommon_64:PhysXCommon_64.dll
 0001:00026da3       ??1RadixSortBuffered@Cm@physx@@UEAA@XZ 0000000180027da3 f   PhysXCommon_64:PhysXCommon_64.dll
 0001:00026da9       __imp_load_??1RadixSortBuffered@Cm@physx@@UEAA@XZ 0000000180027da9 f   PhysXCommon_64:PhysXCommon_64.dll
 0001:00026db5       ?Sort@RadixSortBuffered@Cm@physx@@QEAAAEAV123@PEBIIW4RadixHint@23@@Z 0000000180027db5 f   PhysXCommon_64:PhysXCommon_64.dll
 0001:00026dbb       __imp_load_?Sort@RadixSortBuffered@Cm@physx@@QEAAAEAV123@PEBIIW4RadixHint@23@@Z 0000000180027dbb f   PhysXCommon_64:PhysXCommon_64.dll
 0001:00026dc7       ??0HeightField@Gu@physx@@QEAA@PEAVGuMeshFactory@2@@Z 0000000180027dc7 f   PhysXCommon_64:PhysXCommon_64.dll
 0001:00026dcd       __imp_load_??0HeightField@Gu@physx@@QEAA@PEAVGuMeshFactory@2@@Z 0000000180027dcd f   PhysXCommon_64:PhysXCommon_64.dll
 0001:00026dd9       ?loadFromDesc@HeightField@Gu@physx@@QEAA_NAEBVPxHeightFieldDesc@3@@Z 0000000180027dd9 f   PhysXCommon_64:PhysXCommon_64.dll
 0001:00026ddf       __imp_load_?loadFromDesc@HeightField@Gu@physx@@QEAA_NAEBVPxHeightFieldDesc@3@@Z 0000000180027ddf f   PhysXCommon_64:PhysXCommon_64.dll
 0001:00026deb       ?computeCellCoordinates@HeightField@Gu@physx@@QEBAIMMAEAM0@Z 0000000180027deb f   PhysXCommon_64:PhysXCommon_64.dll
 0001:00026df1       __imp_load_?computeCellCoordinates@HeightField@Gu@physx@@QEBAIMMAEAM0@Z 0000000180027df1 f   PhysXCommon_64:PhysXCommon_64.dll
 0001:00026dfd       ?releaseMemory@HeightField@Gu@physx@@QEAAXXZ 0000000180027dfd f   PhysXCommon_64:PhysXCommon_64.dll
 0001:00026e03       __imp_load_?releaseMemory@HeightField@Gu@physx@@QEAAXXZ 0000000180027e03 f   PhysXCommon_64:PhysXCommon_64.dll
 0001:00026e0f       ??1HeightField@Gu@physx@@UEAA@XZ 0000000180027e0f f   PhysXCommon_64:PhysXCommon_64.dll
 0001:00026e15       __imp_load_??1HeightField@Gu@physx@@UEAA@XZ 0000000180027e15 f   PhysXCommon_64:PhysXCommon_64.dll
 0001:00026e21       ??0NodeAllocator@Gu@physx@@QEAA@XZ 0000000180027e21 f   PhysXCommon_64:PhysXCommon_64.dll
 0001:00026e27       __imp_load_??0NodeAllocator@Gu@physx@@QEAA@XZ 0000000180027e27 f   PhysXCommon_64:PhysXCommon_64.dll
 0001:00026e33       ??1NodeAllocator@Gu@physx@@QEAA@XZ 0000000180027e33 f   PhysXCommon_64:PhysXCommon_64.dll
 0001:00026e39       __imp_load_??1NodeAllocator@Gu@physx@@QEAA@XZ 0000000180027e39 f   PhysXCommon_64:PhysXCommon_64.dll
 0001:00026e45       ?release@NodeAllocator@Gu@physx@@QEAAXXZ 0000000180027e45 f   PhysXCommon_64:PhysXCommon_64.dll
 0001:00026e4b       __imp_load_?release@NodeAllocator@Gu@physx@@QEAAXXZ 0000000180027e4b f   PhysXCommon_64:PhysXCommon_64.dll
 0001:00026e57       ?buildAABBTree@Gu@physx@@YA_NAEAVAABBTreeBuildParams@12@AEAVNodeAllocator@12@AEAUBuildStats@12@AEAPEAI@Z 0000000180027e57 f   PhysXCommon_64:PhysXCommon_64.dll
 0001:00026e5d       __imp_load_?buildAABBTree@Gu@physx@@YA_NAEAVAABBTreeBuildParams@12@AEAVNodeAllocator@12@AEAUBuildStats@12@AEAPEAI@Z 0000000180027e5d f   PhysXCommon_64:PhysXCommon_64.dll
 0001:00026e69       ?writeDword@physx@@YAXI_NAEAVPxOutputStream@1@@Z 0000000180027e69 f   PhysXCommon_64:PhysXCommon_64.dll
 0001:00026e6f       __imp_load_?writeDword@physx@@YAXI_NAEAVPxOutputStream@1@@Z 0000000180027e6f f   PhysXCommon_64:PhysXCommon_64.dll
 0001:00026e7b       ?writeFloatBuffer@physx@@YAXPEBMI_NAEAVPxOutputStream@1@@Z 0000000180027e7b f   PhysXCommon_64:PhysXCommon_64.dll
 0001:00026e81       __imp_load_?writeFloatBuffer@physx@@YAXPEBMI_NAEAVPxOutputStream@1@@Z 0000000180027e81 f   PhysXCommon_64:PhysXCommon_64.dll
 0001:00026e8d       ?writeHeader@physx@@YA_NCCCCI_NAEAVPxOutputStream@1@@Z 0000000180027e8d f   PhysXCommon_64:PhysXCommon_64.dll
 0001:00026e93       __imp_load_?writeHeader@physx@@YA_NCCCCI_NAEAVPxOutputStream@1@@Z 0000000180027e93 f   PhysXCommon_64:PhysXCommon_64.dll
 0001:00026e9f       ?writeWord@physx@@YAXG_NAEAVPxOutputStream@1@@Z 0000000180027e9f f   PhysXCommon_64:PhysXCommon_64.dll
 0001:00026ea5       __imp_load_?writeWord@physx@@YAXG_NAEAVPxOutputStream@1@@Z 0000000180027ea5 f   PhysXCommon_64:PhysXCommon_64.dll
 0001:00026eb1       ?writeFloat@physx@@YAXM_NAEAVPxOutputStream@1@@Z 0000000180027eb1 f   PhysXCommon_64:PhysXCommon_64.dll
 0001:00026eb7       __imp_load_?writeFloat@physx@@YAXM_NAEAVPxOutputStream@1@@Z 0000000180027eb7 f   PhysXCommon_64:PhysXCommon_64.dll
 0001:00026ec3       ?computeBoundsAroundVertices@Gu@physx@@YAXAEAVPxBounds3@2@IPEIBVPxVec3@2@@Z 0000000180027ec3 f   PhysXCommon_64:PhysXCommon_64.dll
 0001:00026ec9       __imp_load_?computeBoundsAroundVertices@Gu@physx@@YAXAEAVPxBounds3@2@IPEIBVPxVec3@2@@Z 0000000180027ec9 f   PhysXCommon_64:PhysXCommon_64.dll
 0001:00026ed5       ??0SourceMesh@Gu@physx@@QEAA@XZ 0000000180027ed5 f   PhysXCommon_64:PhysXCommon_64.dll
 0001:00026edb       __imp_load_??0SourceMesh@Gu@physx@@QEAA@XZ 0000000180027edb f   PhysXCommon_64:PhysXCommon_64.dll
 0001:00026ee7       ??1SourceMesh@Gu@physx@@QEAA@XZ 0000000180027ee7 f   PhysXCommon_64:PhysXCommon_64.dll
 0001:00026eed       __imp_load_??1SourceMesh@Gu@physx@@QEAA@XZ 0000000180027eed f   PhysXCommon_64:PhysXCommon_64.dll
 0001:00026ef9       ??0BV4Tree@Gu@physx@@QEAA@XZ 0000000180027ef9 f   PhysXCommon_64:PhysXCommon_64.dll
 0001:00026eff       __imp_load_??0BV4Tree@Gu@physx@@QEAA@XZ 0000000180027eff f   PhysXCommon_64:PhysXCommon_64.dll
 0001:00026f0b       ??1BV4Tree@Gu@physx@@QEAA@XZ 0000000180027f0b f   PhysXCommon_64:PhysXCommon_64.dll
 0001:00026f11       __imp_load_??1BV4Tree@Gu@physx@@QEAA@XZ 0000000180027f11 f   PhysXCommon_64:PhysXCommon_64.dll
 0001:00026f1d       ??0BV32Tree@Gu@physx@@QEAA@XZ 0000000180027f1d f   PhysXCommon_64:PhysXCommon_64.dll
 0001:00026f23       __imp_load_??0BV32Tree@Gu@physx@@QEAA@XZ 0000000180027f23 f   PhysXCommon_64:PhysXCommon_64.dll
 0001:00026f2f       ??1BV32Tree@Gu@physx@@QEAA@XZ 0000000180027f2f f   PhysXCommon_64:PhysXCommon_64.dll
 0001:00026f35       __imp_load_??1BV32Tree@Gu@physx@@QEAA@XZ 0000000180027f35 f   PhysXCommon_64:PhysXCommon_64.dll
 0001:00026f41       ?writeWordBuffer@physx@@YAXPEBGI_NAEAVPxOutputStream@1@@Z 0000000180027f41 f   PhysXCommon_64:PhysXCommon_64.dll
 0001:00026f47       __imp_load_?writeWordBuffer@physx@@YAXPEBGI_NAEAVPxOutputStream@1@@Z 0000000180027f47 f   PhysXCommon_64:PhysXCommon_64.dll
 0001:00026f53       ?computeMaxIndex@physx@@YAIPEBII@Z 0000000180027f53 f   PhysXCommon_64:PhysXCommon_64.dll
 0001:00026f59       __imp_load_?computeMaxIndex@physx@@YAIPEBII@Z 0000000180027f59 f   PhysXCommon_64:PhysXCommon_64.dll
 0001:00026f65       ?storeIndices@physx@@YAXIIPEBIAEAVPxOutputStream@1@_N@Z 0000000180027f65 f   PhysXCommon_64:PhysXCommon_64.dll
 0001:00026f6b       __imp_load_?storeIndices@physx@@YAXIIPEBIAEAVPxOutputStream@1@_N@Z 0000000180027f6b f   PhysXCommon_64:PhysXCommon_64.dll
 0001:00026f77       ?BuildBV4Ex@Gu@physx@@YA_NAEAVBV4Tree@12@AEAVSourceMesh@12@MI@Z 0000000180027f77 f   PhysXCommon_64:PhysXCommon_64.dll
 0001:00026f7d       __imp_load_?BuildBV4Ex@Gu@physx@@YA_NAEAVBV4Tree@12@AEAVSourceMesh@12@MI@Z 0000000180027f7d f   PhysXCommon_64:PhysXCommon_64.dll
 0001:00026f89       ?BuildBV32Ex@Gu@physx@@YA_NAEAVBV32Tree@12@AEAVSourceMesh@12@MI@Z 0000000180027f89 f   PhysXCommon_64:PhysXCommon_64.dll
 0001:00026f8f       __imp_load_?BuildBV32Ex@Gu@physx@@YA_NAEAVBV32Tree@12@AEAVSourceMesh@12@MI@Z 0000000180027f8f f   PhysXCommon_64:PhysXCommon_64.dll
 0001:00026f9b       ?computeMaxIndex@physx@@YAGPEBGI@Z 0000000180027f9b f   PhysXCommon_64:PhysXCommon_64.dll
 0001:00026fa1       __imp_load_?computeMaxIndex@physx@@YAGPEBGI@Z 0000000180027fa1 f   PhysXCommon_64:PhysXCommon_64.dll
 0001:00026fad       ?WriteHeader@Gu@physx@@YA_NEEEEI_NAEAVPxOutputStream@2@@Z 0000000180027fad f   PhysXCommon_64:PhysXCommon_64.dll
 0001:00026fb3       __imp_load_?WriteHeader@Gu@physx@@YA_NEEEEI_NAEAVPxOutputStream@2@@Z 0000000180027fb3 f   PhysXCommon_64:PhysXCommon_64.dll
 0001:00026fbf       ?StoreIndices@Gu@physx@@YAXGIPEBGAEAVPxOutputStream@2@_N@Z 0000000180027fbf f   PhysXCommon_64:PhysXCommon_64.dll
 0001:00026fc5       __imp_load_?StoreIndices@Gu@physx@@YAXGIPEBGAEAVPxOutputStream@2@_N@Z 0000000180027fc5 f   PhysXCommon_64:PhysXCommon_64.dll
 0001:00026fd1       ?CreateOffsets@BigConvexData@physx@@IEAAXXZ 0000000180027fd1 f   PhysXCommon_64:PhysXCommon_64.dll
 0001:00026fd7       __imp_load_?CreateOffsets@BigConvexData@physx@@IEAAXXZ 0000000180027fd7 f   PhysXCommon_64:PhysXCommon_64.dll
 0001:00026fe3       ?computeOBBPoints@Gu@physx@@YAXPEIAVPxVec3@2@AEBV32@1111@Z 0000000180027fe3 f   PhysXCommon_64:PhysXCommon_64.dll
 0001:00026fe9       __imp_load_?computeOBBPoints@Gu@physx@@YAXPEIAVPxVec3@2@AEBV32@1111@Z 0000000180027fe9 f   PhysXCommon_64:PhysXCommon_64.dll
 0001:00026ff5       ??0BigConvexData@physx@@QEAA@XZ 0000000180027ff5 f   PhysXCommon_64:PhysXCommon_64.dll
 0001:00026ffb       __imp_load_??0BigConvexData@physx@@QEAA@XZ 0000000180027ffb f   PhysXCommon_64:PhysXCommon_64.dll
 0001:00027007       ??1BigConvexData@physx@@QEAA@XZ 0000000180028007 f   PhysXCommon_64:PhysXCommon_64.dll
 0001:0002700d       __imp_load_??1BigConvexData@physx@@QEAA@XZ 000000018002800d f   PhysXCommon_64:PhysXCommon_64.dll
 0001:00027019       PxGetFoundation            0000000180028019 f   PhysXFoundation_64:PhysXFoundation_64.dll
 0001:0002701f       __tailMerge_physxfoundation_64_dll 000000018002801f     PhysXFoundation_64:PhysXFoundation_64.dll
 0001:00027098       __imp_load_PxGetFoundation 0000000180028098 f   PhysXFoundation_64:PhysXFoundation_64.dll
 0001:000270a4       ?getAllocator@shdfnd@physx@@YAAEAVPxAllocatorCallback@2@XZ 00000001800280a4 f   PhysXFoundation_64:PhysXFoundation_64.dll
 0001:000270aa       __imp_load_?getAllocator@shdfnd@physx@@YAAEAVPxAllocatorCallback@2@XZ 00000001800280aa f   PhysXFoundation_64:PhysXFoundation_64.dll
 0001:000270b6       ?getInstance@Foundation@shdfnd@physx@@SAAEAV123@XZ 00000001800280b6 f   PhysXFoundation_64:PhysXFoundation_64.dll
 0001:000270bc       __imp_load_?getInstance@Foundation@shdfnd@physx@@SAAEAV123@XZ 00000001800280bc f   PhysXFoundation_64:PhysXFoundation_64.dll
 0001:000270c8       ?error@Foundation@shdfnd@physx@@QEAAXW4Enum@PxErrorCode@3@PEBDH1ZZ 00000001800280c8 f   PhysXFoundation_64:PhysXFoundation_64.dll
 0001:000270ce       __imp_load_?error@Foundation@shdfnd@physx@@QEAAXW4Enum@PxErrorCode@3@PEBDH1ZZ 00000001800280ce f   PhysXFoundation_64:PhysXFoundation_64.dll
 0001:000270da       ?incRefCount@Foundation@shdfnd@physx@@SAXXZ 00000001800280da f   PhysXFoundation_64:PhysXFoundation_64.dll
 0001:000270e0       __imp_load_?incRefCount@Foundation@shdfnd@physx@@SAXXZ 00000001800280e0 f   PhysXFoundation_64:PhysXFoundation_64.dll
 0001:000270ec       ?decRefCount@Foundation@shdfnd@physx@@SAXXZ 00000001800280ec f   PhysXFoundation_64:PhysXFoundation_64.dll
 0001:000270f2       __imp_load_?decRefCount@Foundation@shdfnd@physx@@SAXXZ 00000001800280f2 f   PhysXFoundation_64:PhysXFoundation_64.dll
 0001:000270fe       ??0FPUGuard@shdfnd@physx@@QEAA@XZ 00000001800280fe f   PhysXFoundation_64:PhysXFoundation_64.dll
 0001:00027104       __imp_load_??0FPUGuard@shdfnd@physx@@QEAA@XZ 0000000180028104 f   PhysXFoundation_64:PhysXFoundation_64.dll
 0001:00027110       ??1FPUGuard@shdfnd@physx@@QEAA@XZ 0000000180028110 f   PhysXFoundation_64:PhysXFoundation_64.dll
 0001:00027116       __imp_load_??1FPUGuard@shdfnd@physx@@QEAA@XZ 0000000180028116 f   PhysXFoundation_64:PhysXFoundation_64.dll
 0001:00027122       ?allocate@TempAllocator@shdfnd@physx@@QEAAPEAX_KPEBDH@Z 0000000180028122 f   PhysXFoundation_64:PhysXFoundation_64.dll
 0001:00027128       __imp_load_?allocate@TempAllocator@shdfnd@physx@@QEAAPEAX_KPEBDH@Z 0000000180028128 f   PhysXFoundation_64:PhysXFoundation_64.dll
 0001:00027134       ?deallocate@TempAllocator@shdfnd@physx@@QEAAXPEAX@Z 0000000180028134 f   PhysXFoundation_64:PhysXFoundation_64.dll
 0001:0002713a       __imp_load_?deallocate@TempAllocator@shdfnd@physx@@QEAAXPEAX@Z 000000018002813a f   PhysXFoundation_64:PhysXFoundation_64.dll
 0001:00027146       ?PxDiagonalize@physx@@YA?AVPxVec3@1@AEBVPxMat33@1@AEAVPxQuat@1@@Z 0000000180028146 f   PhysXFoundation_64:PhysXFoundation_64.dll
 0001:0002714c       __imp_load_?PxDiagonalize@physx@@YA?AVPxVec3@1@AEBVPxMat33@1@AEAVPxQuat@1@@Z 000000018002814c f   PhysXFoundation_64:PhysXFoundation_64.dll
 0001:00027244       ?DloadAcquireSectionWriteAccess@@YAXXZ 0000000180028244 f i Delayimp:delayhlp.obj
 0001:00027300       ?DloadGetSRWLockFunctionPointers@@YAEXZ 0000000180028300 f i Delayimp:delayhlp.obj
 0001:000273a0       ?DloadMakePermanentImageCommit@@YAXPEAX_K@Z 00000001800283a0 f i Delayimp:delayhlp.obj
 0001:00027438       ?DloadObtainSection@@YAPEAXPEAK0@Z 0000000180028438 f i Delayimp:delayhlp.obj
 0001:000274d4       ?DloadProtectSection@@YAXPEAX_KKPEAK@Z 00000001800284d4 f i Delayimp:delayhlp.obj
 0001:000275cc       ?DloadReleaseSectionWriteAccess@@YAXXZ 00000001800285cc f i Delayimp:delayhlp.obj
 0001:00027678       __delayLoadHelper2         0000000180028678 f   Delayimp:delayhlp.obj
 0001:00027974       ??3@YAXPEAX_K@Z            0000000180028974 f   MSVCRT:delete_scalar_size.obj
 0001:00027974       ??_V@YAXPEAX@Z             0000000180028974 f   MSVCRT:delete_array.obj
 0001:0002797c       ??_Etype_info@@UEAAPEAXI@Z 000000018002897c f i MSVCRT:std_type_info_static.obj
 0001:0002797c       ??_Gtype_info@@UEAAPEAXI@Z 000000018002897c f i MSVCRT:std_type_info_static.obj
 0001:000279a8       ?__scrt_initialize_type_info@@YAXXZ 00000001800289a8 f   MSVCRT:tncleanup.obj
 0001:000279b8       ?__scrt_uninitialize_type_info@@YAXXZ 00000001800289b8 f   MSVCRT:tncleanup.obj
 0001:000279e0       __chkstk                   00000001800289e0 f   MSVCRT:chkstk.obj
 0001:000279e0       _alloca_probe              00000001800289e0 f   MSVCRT:chkstk.obj
 0001:00027a30       ??3@YAXPEAX@Z              0000000180028a30 f   MSVCRT:delete_scalar.obj
 0001:00027a40       __vdecl_sinf4              0000000180028a40 f   MSVCRT:svml_ssinf4_dispatch.obj
 0001:00027a60       __libm_sse2_sincosf_       0000000180028a60 f   MSVCRT:svml_ssinf4_dispatch.obj
 0001:00027aa3       __libm_sse2_sincosf4_      0000000180028aa3 f   MSVCRT:svml_ssinf4_dispatch.obj
 0001:00027dc4       _DllMainCRTStartup         0000000180028dc4 f   MSVCRT:dll_dllmain.obj
 0001:00027e04       __isa_available_init       0000000180028e04 f   MSVCRT:cpu_disp.obj
 0001:000280a0       __sse2_sinf4@@16           00000001800290a0 f   MSVCRT:svml_ssinf4_sse2.obj
 0001:000289e0       __sse4_sinf4@@16           00000001800299e0 f   MSVCRT:svml_ssinf4_sse4.obj
 0001:00029154       __security_init_cookie     000000018002a154 f   MSVCRT:gs_support.obj
 0001:00029204       DllMain                    000000018002a204 f   MSVCRT:dll_dllmain_stub.obj
 0001:00029228       __local_stdio_printf_options 000000018002a228 f i MSVCRT:default_local_stdio_options.obj
 0001:00029230       __local_stdio_scanf_options 000000018002a230 f i MSVCRT:default_local_stdio_options.obj
 0001:00029238       __scrt_initialize_default_local_stdio_options 000000018002a238 f   MSVCRT:default_local_stdio_options.obj
 0001:00029254       __scrt_acquire_startup_lock 000000018002a254 f   MSVCRT:utility.obj
 0001:00029290       __scrt_dllmain_after_initialize_c 000000018002a290 f   MSVCRT:utility.obj
 0001:000292c4       __scrt_dllmain_before_initialize_c 000000018002a2c4 f   MSVCRT:utility.obj
 0001:000292dc       __scrt_dllmain_crt_thread_attach 000000018002a2dc f   MSVCRT:utility.obj
 0001:00029304       __scrt_dllmain_crt_thread_detach 000000018002a304 f   MSVCRT:utility.obj
 0001:0002931c       __scrt_dllmain_exception_filter 000000018002a31c f   MSVCRT:utility.obj
 0001:0002937c       __scrt_dllmain_uninitialize_c 000000018002a37c f   MSVCRT:utility.obj
 0001:000293ac       __scrt_dllmain_uninitialize_critical 000000018002a3ac f   MSVCRT:utility.obj
 0001:000293c0       __scrt_initialize_crt      000000018002a3c0 f   MSVCRT:utility.obj
 0001:000293fc       __scrt_initialize_onexit_tables 000000018002a3fc f   MSVCRT:utility.obj
 0001:00029488       __scrt_is_nonwritable_in_current_image 000000018002a488 f   MSVCRT:utility.obj
 0001:00029520       __scrt_release_startup_lock 000000018002a520 f   MSVCRT:utility.obj
 0001:00029544       __scrt_uninitialize_crt    000000018002a544 f   MSVCRT:utility.obj
 0001:00029570       __scrt_get_dyn_tls_init_callback 000000018002a570 f   MSVCRT:dyn_tls_init.obj
 0001:00029578       __crt_debugger_hook        000000018002a578 f   MSVCRT:utility_desktop.obj
 0001:00029584       __scrt_fastfail            000000018002a584 f   MSVCRT:utility_desktop.obj
 0001:000296d0       _RTC_Initialize            000000018002a6d0 f   MSVCRT:initsect.obj
 0001:0002970c       _RTC_Terminate             000000018002a70c f   MSVCRT:initsect.obj
 0001:00029750       __common_ssin_cout_rare    000000018002a750 f   MSVCRT:svml_s_sin_cout.obj
 0001:000297c0       __scrt_is_ucrt_dll_in_use  000000018002a7c0 f   MSVCRT:ucrt_detection.obj
 0001:000297cc       _purecall                  000000018002a7cc f   vcruntime:VCRUNTIME140.dll
 0001:000297d2       __std_type_info_name       000000018002a7d2 f   vcruntime:VCRUNTIME140.dll
 0001:000297d8       memset                     000000018002a7d8 f   vcruntime:VCRUNTIME140.dll
 0001:000297de       memcpy                     000000018002a7de f   vcruntime:VCRUNTIME140.dll
 0001:000297e4       strstr                     000000018002a7e4 f   vcruntime:VCRUNTIME140.dll
 0001:000297ea       __std_type_info_destroy_list 000000018002a7ea f   vcruntime:VCRUNTIME140.dll
 0001:000297f0       __C_specific_handler       000000018002a7f0 f   vcruntime:VCRUNTIME140.dll
 0001:000297f6       strcmp                     000000018002a7f6 f   ucrt:api-ms-win-crt-string-l1-1-0.dll
 0001:000297fc       atan2f                     000000018002a7fc f   ucrt:api-ms-win-crt-math-l1-1-0.dll
 0001:00029802       free                       000000018002a802 f   ucrt:api-ms-win-crt-heap-l1-1-0.dll
 0001:00029808       _initterm                  000000018002a808 f   ucrt:api-ms-win-crt-runtime-l1-1-0.dll
 0001:0002980e       _initterm_e                000000018002a80e f   ucrt:api-ms-win-crt-runtime-l1-1-0.dll
 0001:00029814       _seh_filter_dll            000000018002a814 f   ucrt:api-ms-win-crt-runtime-l1-1-0.dll
 0001:0002981a       _configure_narrow_argv     000000018002a81a f   ucrt:api-ms-win-crt-runtime-l1-1-0.dll
 0001:00029820       _initialize_narrow_environment 000000018002a820 f   ucrt:api-ms-win-crt-runtime-l1-1-0.dll
 0001:00029826       _initialize_onexit_table   000000018002a826 f   ucrt:api-ms-win-crt-runtime-l1-1-0.dll
 0001:0002982c       _execute_onexit_table      000000018002a82c f   ucrt:api-ms-win-crt-runtime-l1-1-0.dll
 0001:00029832       _cexit                     000000018002a832 f   ucrt:api-ms-win-crt-runtime-l1-1-0.dll
 0001:00029838       __acrt_initialize          000000018002a838 f   MSVCRT:ucrt_stubs.obj
 0001:00029838       __acrt_thread_attach       000000018002a838 f   MSVCRT:ucrt_stubs.obj
 0001:00029838       __acrt_thread_detach       000000018002a838 f   MSVCRT:ucrt_stubs.obj
 0001:00029838       __acrt_uninitialize        000000018002a838 f   MSVCRT:ucrt_stubs.obj
 0001:00029838       __acrt_uninitialize_critical 000000018002a838 f   MSVCRT:ucrt_stubs.obj
 0001:00029838       __scrt_stub_for_acrt_initialize 000000018002a838 f   MSVCRT:ucrt_stubs.obj
 0001:00029838       __scrt_stub_for_acrt_thread_attach 000000018002a838 f   MSVCRT:ucrt_stubs.obj
 0001:00029838       __scrt_stub_for_acrt_thread_detach 000000018002a838 f   MSVCRT:ucrt_stubs.obj
 0001:00029838       __scrt_stub_for_acrt_uninitialize 000000018002a838 f   MSVCRT:ucrt_stubs.obj
 0001:00029838       __scrt_stub_for_acrt_uninitialize_critical 000000018002a838 f   MSVCRT:ucrt_stubs.obj
 0001:00029838       __vcrt_initialize          000000018002a838 f   MSVCRT:ucrt_stubs.obj
 0001:00029838       __vcrt_thread_attach       000000018002a838 f   MSVCRT:ucrt_stubs.obj
 0001:00029838       __vcrt_thread_detach       000000018002a838 f   MSVCRT:ucrt_stubs.obj
 0001:00029838       __vcrt_uninitialize        000000018002a838 f   MSVCRT:ucrt_stubs.obj
 0001:00029838       __vcrt_uninitialize_critical 000000018002a838 f   MSVCRT:ucrt_stubs.obj
 0001:00029850       _guard_dispatch_icall_nop  000000018002a850 f   MSVCRT:guard_dispatch.obj
 0001:00029870       _guard_xfg_dispatch_icall_nop 000000018002a870 f   MSVCRT:guard_xfg_dispatch.obj
 0002:00000000       __imp_LoadLibraryA         000000018002b000     kernel32:KERNEL32.dll
 0002:00000008       __imp_SetUnhandledExceptionFilter 000000018002b008     kernel32:KERNEL32.dll
 0002:00000010       __imp_UnhandledExceptionFilter 000000018002b010     kernel32:KERNEL32.dll
 0002:00000018       __imp_IsDebuggerPresent    000000018002b018     kernel32:KERNEL32.dll
 0002:00000020       __imp_RtlVirtualUnwind     000000018002b020     kernel32:KERNEL32.dll
 0002:00000028       __imp_RtlLookupFunctionEntry 000000018002b028     kernel32:KERNEL32.dll
 0002:00000030       __imp_RtlCaptureContext    000000018002b030     kernel32:KERNEL32.dll
 0002:00000038       __imp_DisableThreadLibraryCalls 000000018002b038     kernel32:KERNEL32.dll
 0002:00000040       __imp_GetSystemTimeAsFileTime 000000018002b040     kernel32:KERNEL32.dll
 0002:00000048       __imp_GetCurrentThreadId   000000018002b048     kernel32:KERNEL32.dll
 0002:00000050       __imp_GetCurrentProcessId  000000018002b050     kernel32:KERNEL32.dll
 0002:00000058       __imp_QueryPerformanceCounter 000000018002b058     kernel32:KERNEL32.dll
 0002:00000060       __imp_InitializeSListHead  000000018002b060     kernel32:KERNEL32.dll
 0002:00000068       __imp_LoadLibraryExA       000000018002b068     kernel32:KERNEL32.dll
 0002:00000070       __imp_GetProcAddress       000000018002b070     kernel32:KERNEL32.dll
 0002:00000078       __imp_GetModuleHandleW     000000018002b078     kernel32:KERNEL32.dll
 0002:00000080       __imp_FreeLibrary          000000018002b080     kernel32:KERNEL32.dll
 0002:00000088       __imp_VirtualQuery         000000018002b088     kernel32:KERNEL32.dll
 0002:00000090       __imp_VirtualProtect       000000018002b090     kernel32:KERNEL32.dll
 0002:00000098       __imp_GetSystemInfo        000000018002b098     kernel32:KERNEL32.dll
 0002:000000a0       __imp_GetLastError         000000018002b0a0     kernel32:KERNEL32.dll
 0002:000000a8       __imp_RaiseException       000000018002b0a8     kernel32:KERNEL32.dll
 0002:000000b0       __imp_IsProcessorFeaturePresent 000000018002b0b0     kernel32:KERNEL32.dll
 0002:000000b8       \177KERNEL32_NULL_THUNK_DATA 000000018002b0b8     kernel32:KERNEL32.dll
[...]
 0002:00006c58       rgwOrd                     0000000180031c58     PhysXCooking_64.exp
 0002:00006d4c       szName                     0000000180031d4c     PhysXCooking_64.exp
 0002:00006d60       $N00001                    0000000180031d60     PhysXCooking_64.exp
 0002:00006d8f       $N00002                    0000000180031d8f     PhysXCooking_64.exp
 0002:00006db6       $N00003                    0000000180031db6     PhysXCooking_64.exp
 0002:00006df1       $N00004                    0000000180031df1     PhysXCooking_64.exp
 0002:00006e18       $N00005                    0000000180031e18     PhysXCooking_64.exp
 0002:00006e44       $N00006                    0000000180031e44     PhysXCooking_64.exp
 0002:00006e65       $N00007                    0000000180031e65     PhysXCooking_64.exp
 0002:00006e9a       $N00008                    0000000180031e9a     PhysXCooking_64.exp
 0002:00006eb3       $N00009                    0000000180031eb3     PhysXCooking_64.exp
 0002:00006ed3       $N00010                    0000000180031ed3     PhysXCooking_64.exp
 0002:00006efc       $N00011                    0000000180031efc     PhysXCooking_64.exp
 0002:00006f23       $N00012                    0000000180031f23     PhysXCooking_64.exp
 0002:00006f52       $N00013                    0000000180031f52     PhysXCooking_64.exp
 0002:00006f7f       $N00014                    0000000180031f7f     PhysXCooking_64.exp
 0002:00006fb0       $N00015                    0000000180031fb0     PhysXCooking_64.exp
 0002:00006fd5       $N00016                    0000000180031fd5     PhysXCooking_64.exp
 0002:00007000       $N00017                    0000000180032000     PhysXCooking_64.exp
 0002:00007026       $N00018                    0000000180032026     PhysXCooking_64.exp
 0002:00007045       $N00019                    0000000180032045     PhysXCooking_64.exp
 0002:0000707b       $N00020                    000000018003207b     PhysXCooking_64.exp
 0002:000070a5       $N00021                    00000001800320a5     PhysXCooking_64.exp
 0002:000070cc       $N00022                    00000001800320cc     PhysXCooking_64.exp
 0002:000070f5       $N00023                    00000001800320f5     PhysXCooking_64.exp
 0002:0000710e       $N00024                    000000018003210e     PhysXCooking_64.exp
 0002:00007133       $N00025                    0000000180032133     PhysXCooking_64.exp
 0002:00007152       $N00026                    0000000180032152     PhysXCooking_64.exp
 0002:00007171       $N00027                    0000000180032171     PhysXCooking_64.exp
 0002:00007191       $N00028                    0000000180032191     PhysXCooking_64.exp
 0002:000071c7       $N00029                    00000001800321c7     PhysXCooking_64.exp
 0002:000071ff       $N00030                    00000001800321ff     PhysXCooking_64.exp
 0002:00007233       $N00031                    0000000180032233     PhysXCooking_64.exp
 0002:00007265       $N00032                    0000000180032265     PhysXCooking_64.exp
 0002:00007292       $N00033                    0000000180032292     PhysXCooking_64.exp
 0002:000072ba       $N00034                    00000001800322ba     PhysXCooking_64.exp
 0002:000072eb       $N00035                    00000001800322eb     PhysXCooking_64.exp
 0002:0000731a       $N00036                    000000018003231a     PhysXCooking_64.exp
 0002:0000734a       $N00037                    000000018003234a     PhysXCooking_64.exp
 0002:00007378       $N00038                    0000000180032378     PhysXCooking_64.exp
 0002:000073a9       $N00039                    00000001800323a9     PhysXCooking_64.exp
 0002:000073df       $N00040                    00000001800323df     PhysXCooking_64.exp
 0002:00007413       $N00041                    0000000180032413     PhysXCooking_64.exp
 0002:00007445       $N00042                    0000000180032445     PhysXCooking_64.exp
 0002:00007477       $N00043                    0000000180032477     PhysXCooking_64.exp
 0002:000074a3       $N00044                    00000001800324a3     PhysXCooking_64.exp
 0002:000074bf       $N00045                    00000001800324bf     PhysXCooking_64.exp
 0002:000074e9       $N00046                    00000001800324e9     PhysXCooking_64.exp
 0002:0000750d       $N00047                    000000018003250d     PhysXCooking_64.exp
 0002:0000753f       $N00048                    000000018003253f     PhysXCooking_64.exp
 0002:00007566       $N00049                    0000000180032566     PhysXCooking_64.exp
 0002:00007594       $N00050                    0000000180032594     PhysXCooking_64.exp
 0002:000075bf       $N00051                    00000001800325bf     PhysXCooking_64.exp
 0002:000075ec       $N00052                    00000001800325ec     PhysXCooking_64.exp
 0002:00007615       $N00053                    0000000180032615     PhysXCooking_64.exp
 0002:00007644       $N00054                    0000000180032644     PhysXCooking_64.exp
 0002:0000766d       $N00055                    000000018003266d     PhysXCooking_64.exp
 0002:00007696       $N00056                    0000000180032696     PhysXCooking_64.exp
 0002:000076c4       $N00057                    00000001800326c4     PhysXCooking_64.exp
 0002:000076ec       $N00058                    00000001800326ec     PhysXCooking_64.exp
 0002:00007727       $N00059                    0000000180032727     PhysXCooking_64.exp
 0002:00007751       $N00060                    0000000180032751     PhysXCooking_64.exp
 0002:00007785       $N00061                    0000000180032785     PhysXCooking_64.exp
 0002:000077bb       $N00062                    00000001800327bb     PhysXCooking_64.exp
 0002:000077f7       $N00063                    00000001800327f7     PhysXCooking_64.exp
 0002:0000783f       $N00064                    000000018003283f     PhysXCooking_64.exp
 0002:0000788f       $N00065                    000000018003288f     PhysXCooking_64.exp
 0002:000078c3       $N00066                    00000001800328c3     PhysXCooking_64.exp
 0002:000078f8       $N00067                    00000001800328f8     PhysXCooking_64.exp
 0002:0000792e       $N00068                    000000018003292e     PhysXCooking_64.exp
 0002:00007955       $N00069                    0000000180032955     PhysXCooking_64.exp
 0002:0000799d       $N00070                    000000018003299d     PhysXCooking_64.exp
 0002:000079e3       $N00071                    00000001800329e3     PhysXCooking_64.exp
 0002:00007a3b       $N00072                    0000000180032a3b     PhysXCooking_64.exp
 0002:00007a82       $N00073                    0000000180032a82     PhysXCooking_64.exp
 0002:00007aad       $N00074                    0000000180032aad     PhysXCooking_64.exp
 0002:00007add       $N00075                    0000000180032add     PhysXCooking_64.exp
 0002:00007b2d       $N00076                    0000000180032b2d     PhysXCooking_64.exp
 0002:00007bdc       $N00077                    0000000180032bdc     PhysXCooking_64.exp
 0002:00007c3a       $N00078                    0000000180032c3a     PhysXCooking_64.exp
 0002:00007c66       $N00079                    0000000180032c66     PhysXCooking_64.exp
 0002:00007c92       $N00080                    0000000180032c92     PhysXCooking_64.exp
 0002:00007cc7       $N00081                    0000000180032cc7     PhysXCooking_64.exp
 0002:00007cf0       $N00082                    0000000180032cf0     PhysXCooking_64.exp
 0002:00007d2c       $N00083                    0000000180032d2c     PhysXCooking_64.exp
 0002:00007d58       $N00084                    0000000180032d58     PhysXCooking_64.exp
 0002:00007d8b       $N00085                    0000000180032d8b     PhysXCooking_64.exp
 0002:00007dd8       $N00086                    0000000180032dd8     PhysXCooking_64.exp
 0002:00007e0b       $N00087                    0000000180032e0b     PhysXCooking_64.exp
 0002:00007e45       $N00088                    0000000180032e45     PhysXCooking_64.exp
 0002:00007e7f       $N00089                    0000000180032e7f     PhysXCooking_64.exp
 0002:00007ebb       $N00090                    0000000180032ebb     PhysXCooking_64.exp
 0002:00007eff       $N00091                    0000000180032eff     PhysXCooking_64.exp
 0002:00007f2e       $N00092                    0000000180032f2e     PhysXCooking_64.exp
 0002:00007fa8       $N00093                    0000000180032fa8     PhysXCooking_64.exp
 0002:00008005       $N00094                    0000000180033005     PhysXCooking_64.exp
 0002:00008031       $N00095                    0000000180033031     PhysXCooking_64.exp
 0002:00008065       $N00096                    0000000180033065     PhysXCooking_64.exp
 0002:0000809e       $N00097                    000000018003309e     PhysXCooking_64.exp
 0002:000080db       $N00098                    00000001800330db     PhysXCooking_64.exp
 0002:00008111       $N00099                    0000000180033111     PhysXCooking_64.exp
 0002:0000813e       $N00100                    000000018003313e     PhysXCooking_64.exp
 0002:0000816b       $N00101                    000000018003316b     PhysXCooking_64.exp
 0002:00008196       $N00102                    0000000180033196     PhysXCooking_64.exp
 0002:000081c2       $N00103                    00000001800331c2     PhysXCooking_64.exp
 0002:000081ef       $N00104                    00000001800331ef     PhysXCooking_64.exp
 0002:0000820f       $N00105                    000000018003320f     PhysXCooking_64.exp
 0002:0000824b       $N00106                    000000018003324b     PhysXCooking_64.exp
 0002:0000827c       $N00107                    000000018003327c     PhysXCooking_64.exp
 0002:000082ae       $N00108                    00000001800332ae     PhysXCooking_64.exp
 0002:000082f0       $N00109                    00000001800332f0     PhysXCooking_64.exp
 0002:0000831d       $N00110                    000000018003331d     PhysXCooking_64.exp
 0002:00008341       $N00111                    0000000180033341     PhysXCooking_64.exp
 0002:00008371       $N00112                    0000000180033371     PhysXCooking_64.exp
 0002:000083a4       $N00113                    00000001800333a4     PhysXCooking_64.exp
 0002:000083c9       $N00114                    00000001800333c9     PhysXCooking_64.exp
 0002:000083f7       $N00115                    00000001800333f7     PhysXCooking_64.exp
 0002:0000841f       $N00116                    000000018003341f     PhysXCooking_64.exp
 0002:0000843f       $N00117                    000000018003343f     PhysXCooking_64.exp
 0002:00008484       $N00118                    0000000180033484     PhysXCooking_64.exp
 0002:000084c1       $N00119                    00000001800334c1     PhysXCooking_64.exp
 0002:000084fe       $N00120                    00000001800334fe     PhysXCooking_64.exp
 0002:00008531       $N00121                    0000000180033531     PhysXCooking_64.exp
 0002:00008541       $N00122                    0000000180033541     PhysXCooking_64.exp
 0002:00008780       .idata$6                   0000000180033780     kernel32:KERNEL32.dll
 0002:00008808       .idata$6                   0000000180033808     vcruntime:VCRUNTIME140.dll
 0002:000088e8       .idata$6                   00000001800338e8     ucrt:api-ms-win-crt-string-l1-1-0.dll
 0002:0000890a       .idata$6                   000000018003390a     ucrt:api-ms-win-crt-math-l1-1-0.dll
 0002:0000892a       .idata$6                   000000018003392a     ucrt:api-ms-win-crt-heap-l1-1-0.dll
 0002:0000894a       .idata$6                   000000018003394a     ucrt:api-ms-win-crt-runtime-l1-1-0.dll
 0003:00000000       ?MAXDOT_MINANG@local@@3MB  0000000180034000     ConvexHullUtils.obj
 0003:00000004       ?MAXDOT_MINANG@local@@3MB  0000000180034004     QuickHullConvexHullLib.obj
 0003:00000820       ?maxV3Error@_VecMathTests@aos@shdfnd@physx@@3T__m128@@B 0000000180034820     Cooking.obj
 0003:00000830       ?minFError@_VecMathTests@aos@shdfnd@physx@@3T__m128@@B 0000000180034830     Cooking.obj
 0003:00000840       ?maxV4Error@_VecMathTests@aos@shdfnd@physx@@3T__m128@@B 0000000180034840     Cooking.obj
 0003:00000850       ?minV4Error@_VecMathTests@aos@shdfnd@physx@@3T__m128@@B 0000000180034850     Cooking.obj
 0003:00000860       ?minV3Error@_VecMathTests@aos@shdfnd@physx@@3T__m128@@B 0000000180034860     Cooking.obj
 0003:00000870       ?maxFError@_VecMathTests@aos@shdfnd@physx@@3T__m128@@B 0000000180034870     Cooking.obj
 0003:00000880       ?maxV3Error@_VecMathTests@aos@shdfnd@physx@@3T__m128@@B 0000000180034880     BVHStructureBuilder.obj
 0003:00000890       ?minFError@_VecMathTests@aos@shdfnd@physx@@3T__m128@@B 0000000180034890     BVHStructureBuilder.obj
 0003:000008a0       ?maxV4Error@_VecMathTests@aos@shdfnd@physx@@3T__m128@@B 00000001800348a0     BVHStructureBuilder.obj
 0003:000008b0       ?minV4Error@_VecMathTests@aos@shdfnd@physx@@3T__m128@@B 00000001800348b0     BVHStructureBuilder.obj
 0003:000008c0       ?minV3Error@_VecMathTests@aos@shdfnd@physx@@3T__m128@@B 00000001800348c0     BVHStructureBuilder.obj
 0003:000008d0       ?maxFError@_VecMathTests@aos@shdfnd@physx@@3T__m128@@B 00000001800348d0     BVHStructureBuilder.obj
 0003:000008e0       ?maxV3Error@_VecMathTests@aos@shdfnd@physx@@3T__m128@@B 00000001800348e0     RTreeCooking.obj
 0003:000008f0       ?minFError@_VecMathTests@aos@shdfnd@physx@@3T__m128@@B 00000001800348f0     RTreeCooking.obj
 0003:00000900       ?maxV4Error@_VecMathTests@aos@shdfnd@physx@@3T__m128@@B 0000000180034900     RTreeCooking.obj
 0003:00000910       ?minV4Error@_VecMathTests@aos@shdfnd@physx@@3T__m128@@B 0000000180034910     RTreeCooking.obj
 0003:00000920       ?minV3Error@_VecMathTests@aos@shdfnd@physx@@3T__m128@@B 0000000180034920     RTreeCooking.obj
 0003:00000930       ?maxFError@_VecMathTests@aos@shdfnd@physx@@3T__m128@@B 0000000180034930     RTreeCooking.obj
 0003:00000940       ?maxV3Error@_VecMathTests@aos@shdfnd@physx@@3T__m128@@B 0000000180034940     MeshBuilder.obj
 0003:00000950       ?minFError@_VecMathTests@aos@shdfnd@physx@@3T__m128@@B 0000000180034950     MeshBuilder.obj
 0003:00000960       ?maxV4Error@_VecMathTests@aos@shdfnd@physx@@3T__m128@@B 0000000180034960     MeshBuilder.obj
 0003:00000970       ?minV4Error@_VecMathTests@aos@shdfnd@physx@@3T__m128@@B 0000000180034970     MeshBuilder.obj
 0003:00000980       ?minV3Error@_VecMathTests@aos@shdfnd@physx@@3T__m128@@B 0000000180034980     MeshBuilder.obj
 0003:00000990       ?maxFError@_VecMathTests@aos@shdfnd@physx@@3T__m128@@B 0000000180034990     MeshBuilder.obj
 0003:000009a0       ?maxV3Error@_VecMathTests@aos@shdfnd@physx@@3T__m128@@B 00000001800349a0     TriangleMeshBuilder.obj
 0003:000009b0       ?minFError@_VecMathTests@aos@shdfnd@physx@@3T__m128@@B 00000001800349b0     TriangleMeshBuilder.obj
 0003:000009c0       ?maxV4Error@_VecMathTests@aos@shdfnd@physx@@3T__m128@@B 00000001800349c0     TriangleMeshBuilder.obj
 0003:000009d0       ?minV4Error@_VecMathTests@aos@shdfnd@physx@@3T__m128@@B 00000001800349d0     TriangleMeshBuilder.obj
 0003:000009e0       ?minV3Error@_VecMathTests@aos@shdfnd@physx@@3T__m128@@B 00000001800349e0     TriangleMeshBuilder.obj
 0003:000009f0       ?maxFError@_VecMathTests@aos@shdfnd@physx@@3T__m128@@B 00000001800349f0     TriangleMeshBuilder.obj
 0003:00000a00       ?maxV3Error@_VecMathTests@aos@shdfnd@physx@@3T__m128@@B 0000000180034a00     BigConvexDataBuilder.obj
 0003:00000a10       ?minFError@_VecMathTests@aos@shdfnd@physx@@3T__m128@@B 0000000180034a10     BigConvexDataBuilder.obj
 0003:00000a20       ?maxV4Error@_VecMathTests@aos@shdfnd@physx@@3T__m128@@B 0000000180034a20     BigConvexDataBuilder.obj
 0003:00000a30       ?minV4Error@_VecMathTests@aos@shdfnd@physx@@3T__m128@@B 0000000180034a30     BigConvexDataBuilder.obj
 0003:00000a40       ?minV3Error@_VecMathTests@aos@shdfnd@physx@@3T__m128@@B 0000000180034a40     BigConvexDataBuilder.obj
 0003:00000a50       ?maxFError@_VecMathTests@aos@shdfnd@physx@@3T__m128@@B 0000000180034a50     BigConvexDataBuilder.obj
 0003:00000a60       ?maxV3Error@_VecMathTests@aos@shdfnd@physx@@3T__m128@@B 0000000180034a60     ConvexHullBuilder.obj
 0003:00000a70       ?minFError@_VecMathTests@aos@shdfnd@physx@@3T__m128@@B 0000000180034a70     ConvexHullBuilder.obj
 0003:00000a80       ?maxV4Error@_VecMathTests@aos@shdfnd@physx@@3T__m128@@B 0000000180034a80     ConvexHullBuilder.obj
 0003:00000a90       ?minV4Error@_VecMathTests@aos@shdfnd@physx@@3T__m128@@B 0000000180034a90     ConvexHullBuilder.obj
 0003:00000aa0       ?minV3Error@_VecMathTests@aos@shdfnd@physx@@3T__m128@@B 0000000180034aa0     ConvexHullBuilder.obj
 0003:00000ab0       ?maxFError@_VecMathTests@aos@shdfnd@physx@@3T__m128@@B 0000000180034ab0     ConvexHullBuilder.obj
 0003:00000ac0       ?maxV3Error@_VecMathTests@aos@shdfnd@physx@@3T__m128@@B 0000000180034ac0     ConvexHullUtils.obj
 0003:00000ad0       ?minFError@_VecMathTests@aos@shdfnd@physx@@3T__m128@@B 0000000180034ad0     ConvexHullUtils.obj
 0003:00000ae0       ?maxV4Error@_VecMathTests@aos@shdfnd@physx@@3T__m128@@B 0000000180034ae0     ConvexHullUtils.obj
 0003:00000af0       ?minV4Error@_VecMathTests@aos@shdfnd@physx@@3T__m128@@B 0000000180034af0     ConvexHullUtils.obj
 0003:00000b00       ?minV3Error@_VecMathTests@aos@shdfnd@physx@@3T__m128@@B 0000000180034b00     ConvexHullUtils.obj
 0003:00000b10       ?maxFError@_VecMathTests@aos@shdfnd@physx@@3T__m128@@B 0000000180034b10     ConvexHullUtils.obj
 0003:00000b20       ?maxV3Error@_VecMathTests@aos@shdfnd@physx@@3T__m128@@B 0000000180034b20     ConvexMeshBuilder.obj
 0003:00000b30       ?minFError@_VecMathTests@aos@shdfnd@physx@@3T__m128@@B 0000000180034b30     ConvexMeshBuilder.obj
 0003:00000b40       ?maxV4Error@_VecMathTests@aos@shdfnd@physx@@3T__m128@@B 0000000180034b40     ConvexMeshBuilder.obj
 0003:00000b50       ?minV4Error@_VecMathTests@aos@shdfnd@physx@@3T__m128@@B 0000000180034b50     ConvexMeshBuilder.obj
 0003:00000b60       ?minV3Error@_VecMathTests@aos@shdfnd@physx@@3T__m128@@B 0000000180034b60     ConvexMeshBuilder.obj
 0003:00000b70       ?maxFError@_VecMathTests@aos@shdfnd@physx@@3T__m128@@B 0000000180034b70     ConvexMeshBuilder.obj
 0003:00000b80       ?maxV3Error@_VecMathTests@aos@shdfnd@physx@@3T__m128@@B 0000000180034b80     VolumeIntegration.obj
 0003:00000b90       ?minFError@_VecMathTests@aos@shdfnd@physx@@3T__m128@@B 0000000180034b90     VolumeIntegration.obj
 0003:00000ba0       ?maxV4Error@_VecMathTests@aos@shdfnd@physx@@3T__m128@@B 0000000180034ba0     VolumeIntegration.obj
 0003:00000bb0       ?minV4Error@_VecMathTests@aos@shdfnd@physx@@3T__m128@@B 0000000180034bb0     VolumeIntegration.obj
 0003:00000bc0       ?minV3Error@_VecMathTests@aos@shdfnd@physx@@3T__m128@@B 0000000180034bc0     VolumeIntegration.obj
 0003:00000bd0       ?maxFError@_VecMathTests@aos@shdfnd@physx@@3T__m128@@B 0000000180034bd0     VolumeIntegration.obj
 0003:00000be0       ?gCookingDelayLoadHook@@3PEBVPxDelayLoadHook@physx@@EB 0000000180034be0     WindowsCookingDelayLoadHook.obj
 0003:00000c40       ?__proc_attached@@3HA      0000000180034c40     MSVCRT:dll_dllmain.obj
 0003:00000c70       ?is_initialized_as_dll@@3_NA 0000000180034c70     MSVCRT:utility.obj
 0003:00000c71       ?module_local_atexit_table_initialized@@3_NA 0000000180034c71     MSVCRT:utility.obj
 0003:00000c78       ?module_local_atexit_table@@3U_onexit_table_t@@A 0000000180034c78     MSVCRT:utility.obj
 0003:00000c90       ?module_local_at_quick_exit_table@@3U_onexit_table_t@@A 0000000180034c90     MSVCRT:utility.obj
 0005:00000000       _2il0floatpacket$19        0000000180037000     MSVCRT:svml_ssinf4_sse2.obj
 0005:00002200       _vmlsSinHATab              0000000180039200     MSVCRT:svml_s_sin_cout.obj
 0006:000000a0       $R000000                   000000018003a0a0     PhysXCooking.res
 0006:000003d0       $R000330                   000000018003a3d0     PhysXCooking.res
